Archive member included because of file (symbol)

/opt/Freescale/KDS_3.0.0/toolchain/bin/../lib/gcc/arm-none-eabi/4.8.4/armv6-m/libgcc.a(_udivsi3.o)
                              ./SDK/platform/system/src/clock/MKV10Z7/fsl_clock_MKV10Z7.o (__aeabi_uidiv)
/opt/Freescale/KDS_3.0.0/toolchain/bin/../lib/gcc/arm-none-eabi/4.8.4/armv6-m/libgcc.a(_dvmd_tls.o)
                              /opt/Freescale/KDS_3.0.0/toolchain/bin/../lib/gcc/arm-none-eabi/4.8.4/armv6-m/libgcc.a(_udivsi3.o) (__aeabi_idiv0)
/opt/Freescale/KDS_3.0.0/toolchain/bin/../lib/gcc/arm-none-eabi/4.8.4/armv6-m/libgcc.a(_aeabi_uldivmod.o)
                              ./Generated_Code/osa1.o (__aeabi_uldivmod)
/opt/Freescale/KDS_3.0.0/toolchain/bin/../lib/gcc/arm-none-eabi/4.8.4/armv6-m/libgcc.a(_muldi3.o)
                              ./Generated_Code/osa1.o (__aeabi_lmul)
/opt/Freescale/KDS_3.0.0/toolchain/bin/../lib/gcc/arm-none-eabi/4.8.4/armv6-m/libgcc.a(bpabi.o)
                              /opt/Freescale/KDS_3.0.0/toolchain/bin/../lib/gcc/arm-none-eabi/4.8.4/armv6-m/libgcc.a(_aeabi_uldivmod.o) (__gnu_uldivmod_helper)
/opt/Freescale/KDS_3.0.0/toolchain/bin/../lib/gcc/arm-none-eabi/4.8.4/armv6-m/libgcc.a(_divdi3.o)
                              /opt/Freescale/KDS_3.0.0/toolchain/bin/../lib/gcc/arm-none-eabi/4.8.4/armv6-m/libgcc.a(bpabi.o) (__divdi3)
/opt/Freescale/KDS_3.0.0/toolchain/bin/../lib/gcc/arm-none-eabi/4.8.4/armv6-m/libgcc.a(_udivdi3.o)
                              /opt/Freescale/KDS_3.0.0/toolchain/bin/../lib/gcc/arm-none-eabi/4.8.4/armv6-m/libgcc.a(bpabi.o) (__udivdi3)
/opt/Freescale/KDS_3.0.0/toolchain/bin/../lib/gcc/arm-none-eabi/4.8.4/armv6-m/libgcc.a(_clzsi2.o)
                              /opt/Freescale/KDS_3.0.0/toolchain/bin/../lib/gcc/arm-none-eabi/4.8.4/armv6-m/libgcc.a(_divdi3.o) (__clzsi2)
/opt/Freescale/KDS_3.0.0/toolchain/bin/../lib/gcc/arm-none-eabi/4.8.4/../../../../arm-none-eabi/lib/armv6-m/libg_s.a(lib_a-assert.o)
                              ./SDK/platform/system/src/interrupt/fsl_interrupt_manager.o (__assert_func)
/opt/Freescale/KDS_3.0.0/toolchain/bin/../lib/gcc/arm-none-eabi/4.8.4/../../../../arm-none-eabi/lib/armv6-m/libg_s.a(lib_a-calloc.o)
                              ./SDK/platform/osa/src/fsl_os_abstraction_bm.o (calloc)
/opt/Freescale/KDS_3.0.0/toolchain/bin/../lib/gcc/arm-none-eabi/4.8.4/../../../../arm-none-eabi/lib/armv6-m/libg_s.a(lib_a-exit.o)
                              /opt/Freescale/KDS_3.0.0/toolchain/bin/../lib/gcc/arm-none-eabi/4.8.4/../../../../arm-none-eabi/lib/armv6-m/crt0.o (exit)
/opt/Freescale/KDS_3.0.0/toolchain/bin/../lib/gcc/arm-none-eabi/4.8.4/../../../../arm-none-eabi/lib/armv6-m/libg_s.a(lib_a-fprintf.o)
                              /opt/Freescale/KDS_3.0.0/toolchain/bin/../lib/gcc/arm-none-eabi/4.8.4/../../../../arm-none-eabi/lib/armv6-m/libg_s.a(lib_a-assert.o) (fiprintf)
/opt/Freescale/KDS_3.0.0/toolchain/bin/../lib/gcc/arm-none-eabi/4.8.4/../../../../arm-none-eabi/lib/armv6-m/libg_s.a(lib_a-impure.o)
                              /opt/Freescale/KDS_3.0.0/toolchain/bin/../lib/gcc/arm-none-eabi/4.8.4/../../../../arm-none-eabi/lib/armv6-m/libg_s.a(lib_a-exit.o) (_global_impure_ptr)
/opt/Freescale/KDS_3.0.0/toolchain/bin/../lib/gcc/arm-none-eabi/4.8.4/../../../../arm-none-eabi/lib/armv6-m/libg_s.a(lib_a-init.o)
                              /opt/Freescale/KDS_3.0.0/toolchain/bin/../lib/gcc/arm-none-eabi/4.8.4/../../../../arm-none-eabi/lib/armv6-m/crt0.o (__libc_init_array)
/opt/Freescale/KDS_3.0.0/toolchain/bin/../lib/gcc/arm-none-eabi/4.8.4/../../../../arm-none-eabi/lib/armv6-m/libg_s.a(lib_a-malloc.o)
                              ./SDK/platform/osa/src/fsl_os_abstraction_bm.o (malloc)
/opt/Freescale/KDS_3.0.0/toolchain/bin/../lib/gcc/arm-none-eabi/4.8.4/../../../../arm-none-eabi/lib/armv6-m/libg_s.a(lib_a-memset.o)
                              /opt/Freescale/KDS_3.0.0/toolchain/bin/../lib/gcc/arm-none-eabi/4.8.4/../../../../arm-none-eabi/lib/armv6-m/crt0.o (memset)
/opt/Freescale/KDS_3.0.0/toolchain/bin/../lib/gcc/arm-none-eabi/4.8.4/../../../../arm-none-eabi/lib/armv6-m/libg_s.a(lib_a-nano-callocr.o)
                              /opt/Freescale/KDS_3.0.0/toolchain/bin/../lib/gcc/arm-none-eabi/4.8.4/../../../../arm-none-eabi/lib/armv6-m/libg_s.a(lib_a-calloc.o) (_calloc_r)
/opt/Freescale/KDS_3.0.0/toolchain/bin/../lib/gcc/arm-none-eabi/4.8.4/../../../../arm-none-eabi/lib/armv6-m/libg_s.a(lib_a-nano-freer.o)
                              /opt/Freescale/KDS_3.0.0/toolchain/bin/../lib/gcc/arm-none-eabi/4.8.4/../../../../arm-none-eabi/lib/armv6-m/libg_s.a(lib_a-malloc.o) (_free_r)
/opt/Freescale/KDS_3.0.0/toolchain/bin/../lib/gcc/arm-none-eabi/4.8.4/../../../../arm-none-eabi/lib/armv6-m/libg_s.a(lib_a-nano-mallocr.o)
                              /opt/Freescale/KDS_3.0.0/toolchain/bin/../lib/gcc/arm-none-eabi/4.8.4/../../../../arm-none-eabi/lib/armv6-m/libg_s.a(lib_a-malloc.o) (_malloc_r)
[...]
Memory Configuration

Name             Origin             Length             Attributes
m_interrupts     0x00000000         0x00000200         xr
m_flash_config   0x00000400         0x00000010         xr
m_interrupts_ram 0x1ffff800         0x00000200         rw
m_text           0x00000410         0x00007bf0         xr
m_data           0x1ffffa00         0x00001e00         rw
*default*        0x00000000         0xffffffff

Linker script and memory map

LOAD /opt/Freescale/KDS_3.0.0/toolchain/bin/../lib/gcc/arm-none-eabi/4.8.4/armv6-m/crti.o
LOAD /opt/Freescale/KDS_3.0.0/toolchain/bin/../lib/gcc/arm-none-eabi/4.8.4/armv6-m/crtbegin.o
LOAD /opt/Freescale/KDS_3.0.0/toolchain/bin/../lib/gcc/arm-none-eabi/4.8.4/../../../../arm-none-eabi/lib/armv6-m/crt0.o
LOAD ./Static_Code/System/PE_low_level_init.o
LOAD ./Sources/Events.o
LOAD ./Sources/main.o
LOAD ./SDK/platform/system/src/interrupt/fsl_interrupt_manager.o
LOAD ./SDK/platform/system/src/clock/MKV10Z7/fsl_clock_MKV10Z7.o
LOAD ./SDK/platform/system/src/clock/fsl_clock_manager.o
LOAD ./SDK/platform/system/src/clock/fsl_clock_manager_common.o
LOAD ./SDK/platform/osa/src/fsl_os_abstraction_bm.o
LOAD ./SDK/platform/hal/src/sim/MKV10Z7/fsl_sim_hal_MKV10Z7.o
LOAD ./SDK/platform/hal/src/port/fsl_port_hal.o
LOAD ./SDK/platform/hal/src/osc/fsl_osc_hal.o
LOAD ./SDK/platform/hal/src/mcg/fsl_mcg_hal.o
LOAD ./SDK/platform/hal/src/mcg/fsl_mcg_hal_modes.o
LOAD ./SDK/platform/hal/src/gpio/fsl_gpio_hal.o
LOAD ./SDK/platform/drivers/src/gpio/fsl_gpio_common.o
LOAD ./SDK/platform/drivers/src/gpio/fsl_gpio_driver.o
LOAD ./SDK/platform/devices/MKV10Z7/startup/gcc/startup_MKV10Z7.o
LOAD ./SDK/platform/devices/MKV10Z7/startup/system_MKV10Z7.o
LOAD ./SDK/platform/devices/startup.o
LOAD ./Generated_Code/Cpu.o
LOAD ./Generated_Code/WAIT1.o
LOAD ./Generated_Code/clockMan1.o
LOAD ./Generated_Code/gpio1.o
LOAD ./Generated_Code/hardware_init.o
LOAD ./Generated_Code/osa1.o
LOAD ./Generated_Code/pin_mux.o
LOAD /opt/Freescale/KDS_3.0.0/toolchain/bin/../lib/gcc/arm-none-eabi/4.8.4/../../../../arm-none-eabi/lib/armv6-m/libstdc++_s.a
LOAD /opt/Freescale/KDS_3.0.0/toolchain/bin/../lib/gcc/arm-none-eabi/4.8.4/../../../../arm-none-eabi/lib/armv6-m/libm.a
START GROUP
LOAD /opt/Freescale/KDS_3.0.0/toolchain/bin/../lib/gcc/arm-none-eabi/4.8.4/armv6-m/libgcc.a
LOAD /opt/Freescale/KDS_3.0.0/toolchain/bin/../lib/gcc/arm-none-eabi/4.8.4/../../../../arm-none-eabi/lib/armv6-m/libg_s.a
LOAD /opt/Freescale/KDS_3.0.0/toolchain/bin/../lib/gcc/arm-none-eabi/4.8.4/../../../../arm-none-eabi/lib/armv6-m/libc_s.a
END GROUP
START GROUP
LOAD /opt/Freescale/KDS_3.0.0/toolchain/bin/../lib/gcc/arm-none-eabi/4.8.4/armv6-m/libgcc.a
LOAD /opt/Freescale/KDS_3.0.0/toolchain/bin/../lib/gcc/arm-none-eabi/4.8.4/../../../../arm-none-eabi/lib/armv6-m/libc_s.a
LOAD /opt/Freescale/KDS_3.0.0/toolchain/bin/../lib/gcc/arm-none-eabi/4.8.4/../../../../arm-none-eabi/lib/armv6-m/libnosys.a
END GROUP
START GROUP
LOAD /opt/Freescale/KDS_3.0.0/toolchain/bin/../lib/gcc/arm-none-eabi/4.8.4/armv6-m/libgcc.a
LOAD /opt/Freescale/KDS_3.0.0/toolchain/bin/../lib/gcc/arm-none-eabi/4.8.4/../../../../arm-none-eabi/lib/armv6-m/libc_s.a
LOAD /opt/Freescale/KDS_3.0.0/toolchain/bin/../lib/gcc/arm-none-eabi/4.8.4/../../../../arm-none-eabi/lib/armv6-m/libnosys.a
END GROUP
LOAD /opt/Freescale/KDS_3.0.0/toolchain/bin/../lib/gcc/arm-none-eabi/4.8.4/armv6-m/crtend.o
LOAD /opt/Freescale/KDS_3.0.0/toolchain/bin/../lib/gcc/arm-none-eabi/4.8.4/armv6-m/crtn.o
                0x00000000                HEAP_SIZE = DEFINED (__heap_size__)?__heap_size__:0x0
                0x00000100                STACK_SIZE = DEFINED (__stack_size__)?__stack_size__:0x100

.interrupts     0x00000000       0xc0
                0x00000000                __VECTOR_TABLE = .
                0x00000000                . = ALIGN (0x4)
 *(.isr_vector)
 .isr_vector    0x00000000       0xc0 ./SDK/platform/devices/MKV10Z7/startup/gcc/startup_MKV10Z7.o
                0x00000000                __isr_vector
                0x000000c0                . = ALIGN (0x4)
                0x1ffff800                __VECTOR_RAM = ORIGIN (m_interrupts_ram)

.flash_config   0x00000400       0x10
                0x00000400                . = ALIGN (0x4)
 *(.FlashConfig)
 .FlashConfig   0x00000400       0x10 ./SDK/platform/devices/MKV10Z7/startup/gcc/startup_MKV10Z7.o
                0x00000410                . = ALIGN (0x4)

.text           0x00000410     0x37d8
                0x00000410                . = ALIGN (0x4)
 *(.text)
 .text          0x00000410       0x60 /opt/Freescale/KDS_3.0.0/toolchain/bin/../lib/gcc/arm-none-eabi/4.8.4/armv6-m/crtbegin.o
 .text          0x00000470       0x78 /opt/Freescale/KDS_3.0.0/toolchain/bin/../lib/gcc/arm-none-eabi/4.8.4/../../../../arm-none-eabi/lib/armv6-m/crt0.o
                0x00000470                _mainCRTStartup
                0x00000470                _start
 .text          0x000004e8       0x18 ./SDK/platform/devices/MKV10Z7/startup/gcc/startup_MKV10Z7.o
                0x000004e8                Reset_Handler
                0x000004f8                I2C0_IRQHandler
                0x000004f8                HardFault_Handler
                0x000004f8                PendSV_Handler
                0x000004f8                NMI_Handler
                0x000004f8                UART1_IRQHandler
                0x000004f8                DMA2_IRQHandler
                0x000004f8                LLWU_IRQHandler
                0x000004f8                UART0_IRQHandler
                0x000004f8                Reserved42_IRQHandler
                0x000004f8                ADC0_IRQHandler
                0x000004f8                PORTBCDE_IRQHandler
                0x000004f8                DefaultISR
                0x000004f8                Reserved25_IRQHandler
                0x000004f8                CMP1_IRQHandler
                0x000004f8                ADC1_IRQHandler
                0x000004f8                PDB0_IRQHandler
                0x000004f8                FTM1_IRQHandler
                0x000004f8                Reserved27_IRQHandler
                0x000004f8                MCG_IRQHandler
                0x000004f8                WDOG_EWM_IRQHandler
                0x000004f8                SVC_Handler
                0x000004f8                DMA3_IRQHandler
                0x000004f8                DMA0_IRQHandler
                0x000004f8                DAC0_IRQHandler
                0x000004f8                Reserved30_IRQHandler
                0x000004f8                PMC_IRQHandler
                0x000004f8                DMA_Error_IRQHandler
                0x000004f8                SPI0_IRQHandler
                0x000004f8                FTM0_IRQHandler
                0x000004f8                FTFA_IRQHandler
                0x000004f8                Reserved40_IRQHandler
                0x000004f8                Reserved38_IRQHandler
                0x000004f8                FTM2_IRQHandler
                0x000004f8                LPTMR0_IRQHandler
                0x000004f8                CMP0_IRQHandler
                0x000004f8                DMA1_IRQHandler
 .text          0x00000500       0x9c /opt/Freescale/KDS_3.0.0/toolchain/bin/../lib/gcc/arm-none-eabi/4.8.4/armv6-m/libgcc.a(_udivsi3.o)
                0x00000500                __udivsi3
                0x00000500                __aeabi_uidiv
                0x00000588                __aeabi_uidivmod
 .text          0x0000059c        0x4 /opt/Freescale/KDS_3.0.0/toolchain/bin/../lib/gcc/arm-none-eabi/4.8.4/armv6-m/libgcc.a(_dvmd_tls.o)
                0x0000059c                __aeabi_ldiv0
                0x0000059c                __aeabi_idiv0
 .text          0x000005a0       0x40 /opt/Freescale/KDS_3.0.0/toolchain/bin/../lib/gcc/arm-none-eabi/4.8.4/armv6-m/libgcc.a(_aeabi_uldivmod.o)
                0x000005a0                __aeabi_uldivmod
 .text          0x000005e0       0x44 /opt/Freescale/KDS_3.0.0/toolchain/bin/../lib/gcc/arm-none-eabi/4.8.4/armv6-m/libgcc.a(_muldi3.o)
                0x000005e0                __aeabi_lmul
                0x000005e0                __muldi3
 .text          0x00000624       0x6c /opt/Freescale/KDS_3.0.0/toolchain/bin/../lib/gcc/arm-none-eabi/4.8.4/armv6-m/libgcc.a(bpabi.o)
                0x00000624                __gnu_ldivmod_helper
                0x0000065c                __gnu_uldivmod_helper
 .text          0x00000690      0x3b8 /opt/Freescale/KDS_3.0.0/toolchain/bin/../lib/gcc/arm-none-eabi/4.8.4/armv6-m/libgcc.a(_divdi3.o)
                0x00000690                __divdi3
 .text          0x00000a48      0x384 /opt/Freescale/KDS_3.0.0/toolchain/bin/../lib/gcc/arm-none-eabi/4.8.4/armv6-m/libgcc.a(_udivdi3.o)
                0x00000a48                __udivdi3
 .text          0x00000dcc       0x3c /opt/Freescale/KDS_3.0.0/toolchain/bin/../lib/gcc/arm-none-eabi/4.8.4/armv6-m/libgcc.a(_clzsi2.o)
                0x00000dcc                __clzsi2
 *(.text*)
 .text.PEX_components_init
                0x00000e08        0xc ./Static_Code/System/PE_low_level_init.o
                0x00000e08                PEX_components_init
 .text.PE_low_level_init
                0x00000e14       0x14 ./Static_Code/System/PE_low_level_init.o
                0x00000e14                PE_low_level_init
 .text.PORT_HAL_ClearPortIntFlag
                0x00000e28       0x18 ./Sources/Events.o
 .text.PORTA_IRQHandler
                0x00000e40       0x20 ./Sources/Events.o
                0x00000e40                PORTA_IRQHandler
 .text.main     0x00000e60       0x70 ./Sources/main.o
                0x00000e60                main
 .text.step     0x00000ed0      0x198 ./Sources/main.o
                0x00000ed0                step
 .text.SIM_HAL_EnableClock
                0x00001068       0x58 ./SDK/platform/system/src/clock/MKV10Z7/fsl_clock_MKV10Z7.o
 .text.CLOCK_HAL_GetOutDiv1
                0x000010c0       0x28 ./SDK/platform/system/src/clock/MKV10Z7/fsl_clock_MKV10Z7.o
 .text.CLOCK_SYS_GetCoreClockFreq
                0x000010e8       0x34 ./SDK/platform/system/src/clock/MKV10Z7/fsl_clock_MKV10Z7.o
                0x000010e8                CLOCK_SYS_GetCoreClockFreq
 .text.CLOCK_SYS_EnablePortClock
                0x0000111c       0x4c ./SDK/platform/system/src/clock/MKV10Z7/fsl_clock_MKV10Z7.o
                0x0000111c                CLOCK_SYS_EnablePortClock
 .text.CLOCK_SYS_GetSystickFreq
                0x00001168       0x28 ./SDK/platform/system/src/clock/fsl_clock_manager.o
                0x00001168                CLOCK_SYS_GetSystickFreq
 .text.task_init
                0x00001190       0x60 ./SDK/platform/osa/src/fsl_os_abstraction_bm.o
                0x00001190                task_init
 .text.OSA_Init
                0x000011f0       0x14 ./SDK/platform/osa/src/fsl_os_abstraction_bm.o
                0x000011f0                OSA_Init
 .text.CLOCK_HAL_GetClkOutStat
                0x00001204       0x20 ./SDK/platform/hal/src/mcg/fsl_mcg_hal.o
 .text.CLOCK_HAL_GetMcgExternalClkFreq
                0x00001224       0x18 ./SDK/platform/hal/src/mcg/fsl_mcg_hal.o
 .text.CLOCK_HAL_TestFllExternalRefFreq
                0x0000123c       0x7c ./SDK/platform/hal/src/mcg/fsl_mcg_hal.o
                0x0000123c                CLOCK_HAL_TestFllExternalRefFreq
 .text.CLOCK_HAL_GetFllRefClk
                0x000012b8       0x8c ./SDK/platform/hal/src/mcg/fsl_mcg_hal.o
                0x000012b8                CLOCK_HAL_GetFllRefClk
 .text.CLOCK_HAL_TestFllFreq
                0x00001344       0x6c ./SDK/platform/hal/src/mcg/fsl_mcg_hal.o
                0x00001344                CLOCK_HAL_TestFllFreq
 .text.CLOCK_HAL_GetFllClk
                0x000013b0       0x6c ./SDK/platform/hal/src/mcg/fsl_mcg_hal.o
                0x000013b0                CLOCK_HAL_GetFllClk
 .text.CLOCK_HAL_GetInternalRefClk
                0x0000141c       0x64 ./SDK/platform/hal/src/mcg/fsl_mcg_hal.o
                0x0000141c                CLOCK_HAL_GetInternalRefClk
 .text.CLOCK_HAL_GetOutClk
                0x00001480       0x64 ./SDK/platform/hal/src/mcg/fsl_mcg_hal.o
                0x00001480                CLOCK_HAL_GetOutClk
 .text.GPIO_HAL_SetPinDir
                0x000014e4       0x6c ./SDK/platform/hal/src/gpio/fsl_gpio_hal.o
                0x000014e4                GPIO_HAL_SetPinDir
 .text.GPIO_HAL_WritePinOutput
                0x00001550       0x50 ./SDK/platform/hal/src/gpio/fsl_gpio_hal.o
                0x00001550                GPIO_HAL_WritePinOutput
 .text.NVIC_EnableIRQ
                0x000015a0       0x2c ./SDK/platform/drivers/src/gpio/fsl_gpio_driver.o
 .text.PORT_HAL_SetPullMode
                0x000015cc       0x48 ./SDK/platform/drivers/src/gpio/fsl_gpio_driver.o
 .text.PORT_HAL_SetPullCmd
                0x00001614       0x4c ./SDK/platform/drivers/src/gpio/fsl_gpio_driver.o
 .text.PORT_HAL_SetSlewRateMode
                0x00001660       0x4c ./SDK/platform/drivers/src/gpio/fsl_gpio_driver.o
 .text.PORT_HAL_SetPassiveFilterCmd
                0x000016ac       0x4c ./SDK/platform/drivers/src/gpio/fsl_gpio_driver.o
 .text.PORT_HAL_SetDriveStrengthMode
                0x000016f8       0x4c ./SDK/platform/drivers/src/gpio/fsl_gpio_driver.o
 .text.PORT_HAL_SetMuxMode
                0x00001744       0x4c ./SDK/platform/drivers/src/gpio/fsl_gpio_driver.o
 .text.PORT_HAL_SetPinIntMode
                0x00001790       0x4c ./SDK/platform/drivers/src/gpio/fsl_gpio_driver.o
 .text.GPIO_HAL_SetPinOutput
                0x000017dc       0x3c ./SDK/platform/drivers/src/gpio/fsl_gpio_driver.o
 .text.GPIO_HAL_ClearPinOutput
                0x00001818       0x3c ./SDK/platform/drivers/src/gpio/fsl_gpio_driver.o
 .text.GPIO_HAL_TogglePinOutput
                0x00001854       0x3c ./SDK/platform/drivers/src/gpio/fsl_gpio_driver.o
 .text.GPIO_HAL_ReadPinInput
                0x00001890       0x40 ./SDK/platform/drivers/src/gpio/fsl_gpio_driver.o
 .text.INT_SYS_EnableIRQ
                0x000018d0       0x5c ./SDK/platform/drivers/src/gpio/fsl_gpio_driver.o
 .text.GPIO_DRV_Init
                0x0000192c       0x4c ./SDK/platform/drivers/src/gpio/fsl_gpio_driver.o
                0x0000192c                GPIO_DRV_Init
 .text.GPIO_DRV_InputPinInit
                0x00001978       0xd4 ./SDK/platform/drivers/src/gpio/fsl_gpio_driver.o
                0x00001978                GPIO_DRV_InputPinInit
 .text.GPIO_DRV_OutputPinInit
                0x00001a4c       0x9c ./SDK/platform/drivers/src/gpio/fsl_gpio_driver.o
                0x00001a4c                GPIO_DRV_OutputPinInit
 .text.GPIO_DRV_SetPinOutput
                0x00001ae8       0x38 ./SDK/platform/drivers/src/gpio/fsl_gpio_driver.o
                0x00001ae8                GPIO_DRV_SetPinOutput
 .text.GPIO_DRV_ClearPinOutput
                0x00001b20       0x38 ./SDK/platform/drivers/src/gpio/fsl_gpio_driver.o
                0x00001b20                GPIO_DRV_ClearPinOutput
 .text.GPIO_DRV_TogglePinOutput
                0x00001b58       0x38 ./SDK/platform/drivers/src/gpio/fsl_gpio_driver.o
                0x00001b58                GPIO_DRV_TogglePinOutput
 .text.GPIO_DRV_ReadPinInput
                0x00001b90       0x3c ./SDK/platform/drivers/src/gpio/fsl_gpio_driver.o
                0x00001b90                GPIO_DRV_ReadPinInput
 .text.SystemInit
                0x00001bcc      0x110 ./SDK/platform/devices/MKV10Z7/startup/system_MKV10Z7.o
                0x00001bcc                SystemInit
 .text.init_data_bss
                0x00001cdc       0xc8 ./SDK/platform/devices/startup.o
                0x00001cdc                init_data_bss
 .text.Components_Init
                0x00001da4       0x1c ./Generated_Code/Cpu.o
                0x00001da4                Components_Init
 .text.SIM_HAL_EnableClock
                0x00001dc0       0x58 ./Generated_Code/hardware_init.o
 .text.hardware_init
                0x00001e18       0x68 ./Generated_Code/hardware_init.o
                0x00001e18                hardware_init
 .text.NVIC_SetPriority
                0x00001e80       0xe0 ./Generated_Code/osa1.o
 .text.CLOCK_SYS_SetSystickSrc
                0x00001f60       0x30 ./Generated_Code/osa1.o
 .text.SysTick_Handler
                0x00001f90       0x1c ./Generated_Code/osa1.o
                0x00001f90                SysTick_Handler
 *fill*         0x00001fac        0x4 
 .text.OSA_TimeInit
                0x00001fb0       0xa0 ./Generated_Code/osa1.o
                0x00001fb0                OSA_TimeInit
 .text.PORT_HAL_SetPullMode
                0x00002050       0x48 ./Generated_Code/pin_mux.o
 .text.PORT_HAL_SetPullCmd
                0x00002098       0x4c ./Generated_Code/pin_mux.o
 .text.PORT_HAL_SetSlewRateMode
                0x000020e4       0x4c ./Generated_Code/pin_mux.o
 .text.PORT_HAL_SetDriveStrengthMode
                0x00002130       0x4c ./Generated_Code/pin_mux.o
 .text.PORT_HAL_SetMuxMode
                0x0000217c       0x4c ./Generated_Code/pin_mux.o
 .text.init_coredebug_pins
                0x000021c8       0x2c ./Generated_Code/pin_mux.o
                0x000021c8                init_coredebug_pins
 .text.init_gpio_pins
                0x000021f4      0x18c ./Generated_Code/pin_mux.o
                0x000021f4                init_gpio_pins
 .text.init_llwu_pins
                0x00002380       0xa8 ./Generated_Code/pin_mux.o
                0x00002380                init_llwu_pins
 .text.init_rcm_pins
                0x00002428       0x20 ./Generated_Code/pin_mux.o
                0x00002428                init_rcm_pins
 .text.__assert_func
                0x00002448       0x3c /opt/Freescale/KDS_3.0.0/toolchain/bin/../lib/gcc/arm-none-eabi/4.8.4/../../../../arm-none-eabi/lib/armv6-m/libg_s.a(lib_a-assert.o)
                0x00002448                __assert_func
 .text.exit     0x00002484       0x2c /opt/Freescale/KDS_3.0.0/toolchain/bin/../lib/gcc/arm-none-eabi/4.8.4/../../../../arm-none-eabi/lib/armv6-m/libg_s.a(lib_a-exit.o)
                0x00002484                exit
 .text.fprintf  0x000024b0       0x24 /opt/Freescale/KDS_3.0.0/toolchain/bin/../lib/gcc/arm-none-eabi/4.8.4/../../../../arm-none-eabi/lib/armv6-m/libg_s.a(lib_a-fprintf.o)
                0x000024b0                fprintf
                0x000024b0                fiprintf
 .text.__libc_init_array
                0x000024d4       0x4c /opt/Freescale/KDS_3.0.0/toolchain/bin/../lib/gcc/arm-none-eabi/4.8.4/../../../../arm-none-eabi/lib/armv6-m/libg_s.a(lib_a-init.o)
                0x000024d4                __libc_init_array
 .text.memset   0x00002520       0x10 /opt/Freescale/KDS_3.0.0/toolchain/bin/../lib/gcc/arm-none-eabi/4.8.4/../../../../arm-none-eabi/lib/armv6-m/libg_s.a(lib_a-memset.o)
                0x00002520                memset
 .text._free_r  0x00002530       0x90 /opt/Freescale/KDS_3.0.0/toolchain/bin/../lib/gcc/arm-none-eabi/4.8.4/../../../../arm-none-eabi/lib/armv6-m/libg_s.a(lib_a-nano-freer.o)
                0x00002530                _free_r
 .text._malloc_r
                0x000025c0       0xa8 /opt/Freescale/KDS_3.0.0/toolchain/bin/../lib/gcc/arm-none-eabi/4.8.4/../../../../arm-none-eabi/lib/armv6-m/libg_s.a(lib_a-nano-mallocr.o)
                0x000025c0                _malloc_r
 .text._sbrk_r  0x00002668       0x24 /opt/Freescale/KDS_3.0.0/toolchain/bin/../lib/gcc/arm-none-eabi/4.8.4/../../../../arm-none-eabi/lib/armv6-m/libg_s.a(lib_a-sbrkr.o)
                0x00002668                _sbrk_r
 .text.__sfputc_r
                0x0000268c       0x2a /opt/Freescale/KDS_3.0.0/toolchain/bin/../lib/gcc/arm-none-eabi/4.8.4/../../../../arm-none-eabi/lib/armv6-m/libg_s.a(lib_a-vfprintf.o)
 .text.__sfputs_r
                0x000026b6       0x24 /opt/Freescale/KDS_3.0.0/toolchain/bin/../lib/gcc/arm-none-eabi/4.8.4/../../../../arm-none-eabi/lib/armv6-m/libg_s.a(lib_a-vfprintf.o)
                0x000026b6                __sfputs_r
 *fill*         0x000026da        0x2 
 .text._vfprintf_r
                0x000026dc      0x210 /opt/Freescale/KDS_3.0.0/toolchain/bin/../lib/gcc/arm-none-eabi/4.8.4/../../../../arm-none-eabi/lib/armv6-m/libg_s.a(lib_a-vfprintf.o)
                0x000026dc                _vfiprintf_r
                0x000026dc                _vfprintf_r
 .text._printf_common
                0x000028ec       0xe8 /opt/Freescale/KDS_3.0.0/toolchain/bin/../lib/gcc/arm-none-eabi/4.8.4/../../../../arm-none-eabi/lib/armv6-m/libg_s.a(lib_a-vfprintf_i.o)
                0x000028ec                _printf_common
 .text._printf_i
                0x000029d4      0x22c /opt/Freescale/KDS_3.0.0/toolchain/bin/../lib/gcc/arm-none-eabi/4.8.4/../../../../arm-none-eabi/lib/armv6-m/libg_s.a(lib_a-vfprintf_i.o)
                0x000029d4                _printf_i
 .text.__swbuf_r
                0x00002c00       0xb0 /opt/Freescale/KDS_3.0.0/toolchain/bin/../lib/gcc/arm-none-eabi/4.8.4/../../../../arm-none-eabi/lib/armv6-m/libg_s.a(lib_a-wbuf.o)
                0x00002c00                __swbuf_r
 .text.__swsetup_r
                0x00002cb0       0xe4 /opt/Freescale/KDS_3.0.0/toolchain/bin/../lib/gcc/arm-none-eabi/4.8.4/../../../../arm-none-eabi/lib/armv6-m/libg_s.a(lib_a-wsetup.o)
                0x00002cb0                __swsetup_r
 .text.abort    0x00002d94        0xe /opt/Freescale/KDS_3.0.0/toolchain/bin/../lib/gcc/arm-none-eabi/4.8.4/../../../../arm-none-eabi/lib/armv6-m/libg_s.a(lib_a-abort.o)
                0x00002d94                abort
 .text.__sflush_r
                0x00002da2      0x112 /opt/Freescale/KDS_3.0.0/toolchain/bin/../lib/gcc/arm-none-eabi/4.8.4/../../../../arm-none-eabi/lib/armv6-m/libg_s.a(lib_a-fflush.o)
                0x00002da2                __sflush_r
 .text._fflush_r
                0x00002eb4       0x58 /opt/Freescale/KDS_3.0.0/toolchain/bin/../lib/gcc/arm-none-eabi/4.8.4/../../../../arm-none-eabi/lib/armv6-m/libg_s.a(lib_a-fflush.o)
                0x00002eb4                _fflush_r
 .text._cleanup_r
                0x00002f0c       0x34 /opt/Freescale/KDS_3.0.0/toolchain/bin/../lib/gcc/arm-none-eabi/4.8.4/../../../../arm-none-eabi/lib/armv6-m/libg_s.a(lib_a-findfp.o)
                0x00002f0c                _cleanup_r
 .text.std.isra.0
                0x00002f40       0x48 /opt/Freescale/KDS_3.0.0/toolchain/bin/../lib/gcc/arm-none-eabi/4.8.4/../../../../arm-none-eabi/lib/armv6-m/libg_s.a(lib_a-findfp.o)
 .text.__sfmoreglue
                0x00002f88       0x2c /opt/Freescale/KDS_3.0.0/toolchain/bin/../lib/gcc/arm-none-eabi/4.8.4/../../../../arm-none-eabi/lib/armv6-m/libg_s.a(lib_a-findfp.o)
                0x00002f88                __sfmoreglue
 .text.__sinit  0x00002fb4       0x64 /opt/Freescale/KDS_3.0.0/toolchain/bin/../lib/gcc/arm-none-eabi/4.8.4/../../../../arm-none-eabi/lib/armv6-m/libg_s.a(lib_a-findfp.o)
                0x00002fb4                __sinit
 .text.__sfp    0x00003018       0x7c /opt/Freescale/KDS_3.0.0/toolchain/bin/../lib/gcc/arm-none-eabi/4.8.4/../../../../arm-none-eabi/lib/armv6-m/libg_s.a(lib_a-findfp.o)
                0x00003018                __sfp
 .text.__smakebuf_r
                0x00003094       0xa0 /opt/Freescale/KDS_3.0.0/toolchain/bin/../lib/gcc/arm-none-eabi/4.8.4/../../../../arm-none-eabi/lib/armv6-m/libg_s.a(lib_a-makebuf.o)
                0x00003094                __smakebuf_r
 .text.memchr   0x00003134       0x16 /opt/Freescale/KDS_3.0.0/toolchain/bin/../lib/gcc/arm-none-eabi/4.8.4/../../../../arm-none-eabi/lib/armv6-m/libg_s.a(lib_a-memchr-stub.o)
                0x00003134                memchr
 .text._raise_r
                0x0000314a       0x56 /opt/Freescale/KDS_3.0.0/toolchain/bin/../lib/gcc/arm-none-eabi/4.8.4/../../../../arm-none-eabi/lib/armv6-m/libg_s.a(lib_a-signal.o)
                0x0000314a                _raise_r
 .text.raise    0x000031a0       0x14 /opt/Freescale/KDS_3.0.0/toolchain/bin/../lib/gcc/arm-none-eabi/4.8.4/../../../../arm-none-eabi/lib/armv6-m/libg_s.a(lib_a-signal.o)
                0x000031a0                raise
 .text._kill_r  0x000031b4       0x24 /opt/Freescale/KDS_3.0.0/toolchain/bin/../lib/gcc/arm-none-eabi/4.8.4/../../../../arm-none-eabi/lib/armv6-m/libg_s.a(lib_a-signalr.o)
                0x000031b4                _kill_r
 .text._getpid_r
                0x000031d8        0x8 /opt/Freescale/KDS_3.0.0/toolchain/bin/../lib/gcc/arm-none-eabi/4.8.4/../../../../arm-none-eabi/lib/armv6-m/libg_s.a(lib_a-signalr.o)
                0x000031d8                _getpid_r
 .text.__sread  0x000031e0       0x28 /opt/Freescale/KDS_3.0.0/toolchain/bin/../lib/gcc/arm-none-eabi/4.8.4/../../../../arm-none-eabi/lib/armv6-m/libg_s.a(lib_a-stdio.o)
                0x000031e0                __sread
 .text.__swrite
                0x00003208       0x38 /opt/Freescale/KDS_3.0.0/toolchain/bin/../lib/gcc/arm-none-eabi/4.8.4/../../../../arm-none-eabi/lib/armv6-m/libg_s.a(lib_a-stdio.o)
                0x00003208                __swrite
 .text.__sseek  0x00003240       0x2c /opt/Freescale/KDS_3.0.0/toolchain/bin/../lib/gcc/arm-none-eabi/4.8.4/../../../../arm-none-eabi/lib/armv6-m/libg_s.a(lib_a-stdio.o)
                0x00003240                __sseek
 .text.__sclose
                0x0000326c        0xc /opt/Freescale/KDS_3.0.0/toolchain/bin/../lib/gcc/arm-none-eabi/4.8.4/../../../../arm-none-eabi/lib/armv6-m/libg_s.a(lib_a-stdio.o)
                0x0000326c                __sclose
 .text.strlen   0x00003278        0xe /opt/Freescale/KDS_3.0.0/toolchain/bin/../lib/gcc/arm-none-eabi/4.8.4/../../../../arm-none-eabi/lib/armv6-m/libg_s.a(lib_a-strlen.o)
                0x00003278                strlen
 *fill*         0x00003286        0x2 
 .text._write_r
                0x00003288       0x28 /opt/Freescale/KDS_3.0.0/toolchain/bin/../lib/gcc/arm-none-eabi/4.8.4/../../../../arm-none-eabi/lib/armv6-m/libg_s.a(lib_a-writer.o)
                0x00003288                _write_r
 .text._close_r
                0x000032b0       0x24 /opt/Freescale/KDS_3.0.0/toolchain/bin/../lib/gcc/arm-none-eabi/4.8.4/../../../../arm-none-eabi/lib/armv6-m/libg_s.a(lib_a-closer.o)
                0x000032b0                _close_r
 .text._fstat_r
                0x000032d4       0x24 /opt/Freescale/KDS_3.0.0/toolchain/bin/../lib/gcc/arm-none-eabi/4.8.4/../../../../arm-none-eabi/lib/armv6-m/libg_s.a(lib_a-fstatr.o)
                0x000032d4                _fstat_r
 .text._isatty_r
                0x000032f8       0x24 /opt/Freescale/KDS_3.0.0/toolchain/bin/../lib/gcc/arm-none-eabi/4.8.4/../../../../arm-none-eabi/lib/armv6-m/libg_s.a(lib_a-isattyr.o)
                0x000032f8                _isatty_r
 .text._lseek_r
                0x0000331c       0x28 /opt/Freescale/KDS_3.0.0/toolchain/bin/../lib/gcc/arm-none-eabi/4.8.4/../../../../arm-none-eabi/lib/armv6-m/libg_s.a(lib_a-lseekr.o)
                0x0000331c                _lseek_r
 .text._read_r  0x00003344       0x28 /opt/Freescale/KDS_3.0.0/toolchain/bin/../lib/gcc/arm-none-eabi/4.8.4/../../../../arm-none-eabi/lib/armv6-m/libg_s.a(lib_a-readr.o)
                0x00003344                _read_r
 .text._close   0x0000336c       0x10 /opt/Freescale/KDS_3.0.0/toolchain/bin/../lib/gcc/arm-none-eabi/4.8.4/../../../../arm-none-eabi/lib/armv6-m/libnosys.a(close.o)
                0x0000336c                _close
 .text._fstat   0x0000337c       0x10 /opt/Freescale/KDS_3.0.0/toolchain/bin/../lib/gcc/arm-none-eabi/4.8.4/../../../../arm-none-eabi/lib/armv6-m/libnosys.a(fstat.o)
                0x0000337c                _fstat
 .text._getpid  0x0000338c       0x10 /opt/Freescale/KDS_3.0.0/toolchain/bin/../lib/gcc/arm-none-eabi/4.8.4/../../../../arm-none-eabi/lib/armv6-m/libnosys.a(getpid.o)
                0x0000338c                _getpid
 .text._isatty  0x0000339c       0x10 /opt/Freescale/KDS_3.0.0/toolchain/bin/../lib/gcc/arm-none-eabi/4.8.4/../../../../arm-none-eabi/lib/armv6-m/libnosys.a(isatty.o)
                0x0000339c                _isatty
 .text._kill    0x000033ac       0x10 /opt/Freescale/KDS_3.0.0/toolchain/bin/../lib/gcc/arm-none-eabi/4.8.4/../../../../arm-none-eabi/lib/armv6-m/libnosys.a(kill.o)
                0x000033ac                _kill
 .text._lseek   0x000033bc       0x10 /opt/Freescale/KDS_3.0.0/toolchain/bin/../lib/gcc/arm-none-eabi/4.8.4/../../../../arm-none-eabi/lib/armv6-m/libnosys.a(lseek.o)
                0x000033bc                _lseek
 .text._read    0x000033cc       0x10 /opt/Freescale/KDS_3.0.0/toolchain/bin/../lib/gcc/arm-none-eabi/4.8.4/../../../../arm-none-eabi/lib/armv6-m/libnosys.a(read.o)
                0x000033cc                _read
 .text._sbrk    0x000033dc       0x34 /opt/Freescale/KDS_3.0.0/toolchain/bin/../lib/gcc/arm-none-eabi/4.8.4/../../../../arm-none-eabi/lib/armv6-m/libnosys.a(sbrk.o)
                0x000033dc                _sbrk
 .text._write   0x00003410       0x10 /opt/Freescale/KDS_3.0.0/toolchain/bin/../lib/gcc/arm-none-eabi/4.8.4/../../../../arm-none-eabi/lib/armv6-m/libnosys.a(write.o)
                0x00003410                _write
 .text._exit    0x00003420        0x4 /opt/Freescale/KDS_3.0.0/toolchain/bin/../lib/gcc/arm-none-eabi/4.8.4/../../../../arm-none-eabi/lib/armv6-m/libnosys.a(_exit.o)
                0x00003420                _exit
 *(.rodata)
 .rodata        0x00003424      0x1e0 ./SDK/platform/system/src/clock/MKV10Z7/fsl_clock_MKV10Z7.o
 .rodata        0x00003604       0x38 ./SDK/platform/hal/src/gpio/fsl_gpio_hal.o
 .rodata        0x0000363c      0x144 ./SDK/platform/drivers/src/gpio/fsl_gpio_driver.o
 .rodata        0x00003780       0x2c ./Generated_Code/osa1.o
 .rodata        0x000037ac       0x68 ./Generated_Code/pin_mux.o
 *(.rodata*)
 .rodata.step   0x00003814       0x24 ./Sources/main.o
 .rodata.portGateTable
                0x00003838        0x8 ./SDK/platform/system/src/clock/MKV10Z7/fsl_clock_MKV10Z7.o
 .rodata.__func__.6272
                0x00003840       0x1c ./SDK/platform/system/src/clock/MKV10Z7/fsl_clock_MKV10Z7.o
 .rodata.fllFactorTable.5319
                0x0000385c       0x10 ./SDK/platform/hal/src/mcg/fsl_mcg_hal.o
 .rodata.__func__.5234
                0x0000386c       0x14 ./SDK/platform/hal/src/gpio/fsl_gpio_hal.o
 .rodata.__func__.5240
                0x00003880       0x18 ./SDK/platform/hal/src/gpio/fsl_gpio_hal.o
 .rodata.g_gpioBase
                0x00003898       0x14 ./SDK/platform/drivers/src/gpio/fsl_gpio_common.o
                0x00003898                g_gpioBase
 .rodata.g_portBase
                0x000038ac       0x14 ./SDK/platform/drivers/src/gpio/fsl_gpio_common.o
                0x000038ac                g_portBase
 .rodata.g_portIrqId
                0x000038c0        0x8 ./SDK/platform/drivers/src/gpio/fsl_gpio_common.o
                0x000038c0                g_portIrqId
 .rodata.__func__.5159
                0x000038c8       0x14 ./SDK/platform/drivers/src/gpio/fsl_gpio_driver.o
 .rodata.__func__.5135
                0x000038dc       0x14 ./SDK/platform/drivers/src/gpio/fsl_gpio_driver.o
 .rodata.__func__.5129
                0x000038f0       0x18 ./SDK/platform/drivers/src/gpio/fsl_gpio_driver.o
 .rodata.__func__.5147
                0x00003908       0x20 ./SDK/platform/drivers/src/gpio/fsl_gpio_driver.o
 .rodata.__func__.5173
                0x00003928       0x18 ./SDK/platform/drivers/src/gpio/fsl_gpio_driver.o
 .rodata.__func__.6479
                0x00003940       0x14 ./SDK/platform/drivers/src/gpio/fsl_gpio_driver.o
 .rodata.__func__.5141
                0x00003954       0x1c ./SDK/platform/drivers/src/gpio/fsl_gpio_driver.o
 .rodata.__func__.5153
                0x00003970       0x20 ./SDK/platform/drivers/src/gpio/fsl_gpio_driver.o
 .rodata.__func__.5237
                0x00003990       0x18 ./SDK/platform/drivers/src/gpio/fsl_gpio_driver.o
 .rodata.__func__.5242
                0x000039a8       0x18 ./SDK/platform/drivers/src/gpio/fsl_gpio_driver.o
 .rodata.__func__.5247
                0x000039c0       0x1c ./SDK/platform/drivers/src/gpio/fsl_gpio_driver.o
 .rodata.__func__.5271
                0x000039dc       0x18 ./SDK/platform/drivers/src/gpio/fsl_gpio_driver.o
 .rodata.gpio1_InpConfig0
                0x000039f4       0x18 ./Generated_Code/gpio1.o
                0x000039f4                gpio1_InpConfig0
 .rodata.gpio1_OutConfig0
                0x00003a0c       0x60 ./Generated_Code/gpio1.o
                0x00003a0c                gpio1_OutConfig0
 .rodata.__func__.6666
                0x00003a6c       0x10 ./Generated_Code/osa1.o
 .rodata.__func__.5159
                0x00003a7c       0x14 ./Generated_Code/pin_mux.o
 .rodata.__func__.5129
                0x00003a90       0x18 ./Generated_Code/pin_mux.o
 .rodata.__func__.5153
                0x00003aa8       0x20 ./Generated_Code/pin_mux.o
 .rodata.__func__.5135
                0x00003ac8       0x14 ./Generated_Code/pin_mux.o
 .rodata.__func__.5141
                0x00003adc       0x1c ./Generated_Code/pin_mux.o
 .rodata.str1.1
                0x00003af8       0x3c /opt/Freescale/KDS_3.0.0/toolchain/bin/../lib/gcc/arm-none-eabi/4.8.4/../../../../arm-none-eabi/lib/armv6-m/libg_s.a(lib_a-assert.o)
                                 0x3d (size before relaxing)
 .rodata.str1.1
                0x00003b34        0x2 /opt/Freescale/KDS_3.0.0/toolchain/bin/../lib/gcc/arm-none-eabi/4.8.4/../../../../arm-none-eabi/lib/armv6-m/libg_s.a(lib_a-impure.o)
 *fill*         0x00003b36        0x2 
 .rodata._global_impure_ptr
                0x00003b38        0x4 /opt/Freescale/KDS_3.0.0/toolchain/bin/../lib/gcc/arm-none-eabi/4.8.4/../../../../arm-none-eabi/lib/armv6-m/libg_s.a(lib_a-impure.o)
                0x00003b38                _global_impure_ptr
 .rodata.str1.1
                0x00003b3c       0x11 /opt/Freescale/KDS_3.0.0/toolchain/bin/../lib/gcc/arm-none-eabi/4.8.4/../../../../arm-none-eabi/lib/armv6-m/libg_s.a(lib_a-vfprintf.o)
 .rodata.str1.1
                0x00003b4d       0x22 /opt/Freescale/KDS_3.0.0/toolchain/bin/../lib/gcc/arm-none-eabi/4.8.4/../../../../arm-none-eabi/lib/armv6-m/libg_s.a(lib_a-vfprintf_i.o)
 *fill*         0x00003b6f        0x1 
 .rodata.__sf_fake_stdin
                0x00003b70       0x20 /opt/Freescale/KDS_3.0.0/toolchain/bin/../lib/gcc/arm-none-eabi/4.8.4/../../../../arm-none-eabi/lib/armv6-m/libg_s.a(lib_a-findfp.o)
                0x00003b70                __sf_fake_stdin
 .rodata.__sf_fake_stdout
                0x00003b90       0x20 /opt/Freescale/KDS_3.0.0/toolchain/bin/../lib/gcc/arm-none-eabi/4.8.4/../../../../arm-none-eabi/lib/armv6-m/libg_s.a(lib_a-findfp.o)
                0x00003b90                __sf_fake_stdout
 .rodata.__sf_fake_stderr
                0x00003bb0       0x20 /opt/Freescale/KDS_3.0.0/toolchain/bin/../lib/gcc/arm-none-eabi/4.8.4/../../../../arm-none-eabi/lib/armv6-m/libg_s.a(lib_a-findfp.o)
                0x00003bb0                __sf_fake_stderr
 *(.glue_7)
 .glue_7        0x00000000        0x0 linker stubs
 *(.glue_7t)
 .glue_7t       0x00000000        0x0 linker stubs
 *(.eh_frame)
 .eh_frame      0x00003bd0        0x0 /opt/Freescale/KDS_3.0.0/toolchain/bin/../lib/gcc/arm-none-eabi/4.8.4/armv6-m/crtbegin.o
 *(.init)
 .init          0x00003bd0        0x4 /opt/Freescale/KDS_3.0.0/toolchain/bin/../lib/gcc/arm-none-eabi/4.8.4/armv6-m/crti.o
                0x00003bd0                _init
 .init          0x00003bd4        0x8 /opt/Freescale/KDS_3.0.0/toolchain/bin/../lib/gcc/arm-none-eabi/4.8.4/armv6-m/crtn.o
 *(.fini)
 .fini          0x00003bdc        0x4 /opt/Freescale/KDS_3.0.0/toolchain/bin/../lib/gcc/arm-none-eabi/4.8.4/armv6-m/crti.o
                0x00003bdc                _fini
 .fini          0x00003be0        0x8 /opt/Freescale/KDS_3.0.0/toolchain/bin/../lib/gcc/arm-none-eabi/4.8.4/armv6-m/crtn.o
                0x00003be8                . = ALIGN (0x4)

.vfp11_veneer   0x00003be8        0x0
 .vfp11_veneer  0x00000000        0x0 linker stubs

.v4_bx          0x00003be8        0x0
 .v4_bx         0x00000000        0x0 linker stubs

.iplt           0x00003be8        0x0
 .iplt          0x00000000        0x0 /opt/Freescale/KDS_3.0.0/toolchain/bin/../lib/gcc/arm-none-eabi/4.8.4/armv6-m/crtbegin.o

.ARM.extab
 *(.ARM.extab* .gnu.linkonce.armextab.*)

.ARM            0x00003be8        0x8
                0x00003be8                __exidx_start = .
 *(.ARM.exidx*)
 .ARM.exidx     0x00003be8        0x8 /opt/Freescale/KDS_3.0.0/toolchain/bin/../lib/gcc/arm-none-eabi/4.8.4/../../../../arm-none-eabi/lib/armv6-m/crt0.o
 .ARM.exidx     0x00003bf0        0x0 /opt/Freescale/KDS_3.0.0/toolchain/bin/../lib/gcc/arm-none-eabi/4.8.4/armv6-m/libgcc.a(_divdi3.o)
                                  0x8 (size before relaxing)
 .ARM.exidx     0x00003bf0        0x0 /opt/Freescale/KDS_3.0.0/toolchain/bin/../lib/gcc/arm-none-eabi/4.8.4/armv6-m/libgcc.a(_udivdi3.o)
                                  0x8 (size before relaxing)
                0x00003bf0                __exidx_end = .

.rel.dyn        0x00003bf0        0x0
 .rel.iplt      0x00000000        0x0 /opt/Freescale/KDS_3.0.0/toolchain/bin/../lib/gcc/arm-none-eabi/4.8.4/armv6-m/crtbegin.o

.ctors          0x00003bf0        0x0
                0x00003bf0                __CTOR_LIST__ = .
 *crtbegin.o(.ctors)
 *crtbegin?.o(.ctors)
 *(EXCLUDE_FILE(*crtend.o *crtend?.o) .ctors)
 *(SORT(.ctors.*))
 *(.ctors)
                0x00003bf0                __CTOR_END__ = .

.dtors          0x00003bf0        0x0
                0x00003bf0                __DTOR_LIST__ = .
 *crtbegin.o(.dtors)
 *crtbegin?.o(.dtors)
 *(EXCLUDE_FILE(*crtend.o *crtend?.o) .dtors)
 *(SORT(.dtors.*))
 *(.dtors)
                0x00003bf0                __DTOR_END__ = .

.preinit_array  0x00003bf0        0x0
                0x00003bf0                PROVIDE (__preinit_array_start, .)
 *(.preinit_array*)
                0x00003bf0                PROVIDE (__preinit_array_end, .)

.init_array     0x00003bf0        0x4
                0x00003bf0                PROVIDE (__init_array_start, .)
 *(SORT(.init_array.*))
 *(.init_array*)
 .init_array    0x00003bf0        0x4 /opt/Freescale/KDS_3.0.0/toolchain/bin/../lib/gcc/arm-none-eabi/4.8.4/armv6-m/crtbegin.o
                0x00003bf4                PROVIDE (__init_array_end, .)

.fini_array     0x00003bf4        0x4
                0x00003bf4                PROVIDE (__fini_array_start, .)
 *(SORT(.fini_array.*))
 *(.fini_array*)
 .fini_array    0x00003bf4        0x4 /opt/Freescale/KDS_3.0.0/toolchain/bin/../lib/gcc/arm-none-eabi/4.8.4/armv6-m/crtbegin.o
                0x00003bf8                PROVIDE (__fini_array_end, .)
                0x00003bf8                __etext = .
                0x00003bf8                __DATA_ROM = .

.mtb            0x1ffffa00        0x0
                0x1ffffa00                . = ALIGN (0x8)
                0x1ffffa00                _mtb_start = .
 *(.mtb_buf)
                0x1ffffa00                . = ALIGN (0x8)
                0x1ffffa00                _mtb_end = .

.data           0x1ffffa00       0x74 load address 0x00003bf8
                0x1ffffa00                . = ALIGN (0x4)
                0x1ffffa00                __DATA_RAM = .
                0x1ffffa00                __data_start__ = .
 *(.data)
 *(.data*)
 .data.state    0x1ffffa00        0x4 ./Sources/main.o
                0x1ffffa00                state
 .data.g_fastInternalRefClkFreq
                0x1ffffa04        0x4 ./SDK/platform/hal/src/mcg/fsl_mcg_hal.o
                0x1ffffa04                g_fastInternalRefClkFreq
 .data.g_slowInternalRefClkFreq
                0x1ffffa08        0x4 ./SDK/platform/hal/src/mcg/fsl_mcg_hal.o
                0x1ffffa08                g_slowInternalRefClkFreq
 .data.impure_data
                0x1ffffa0c       0x60 /opt/Freescale/KDS_3.0.0/toolchain/bin/../lib/gcc/arm-none-eabi/4.8.4/../../../../arm-none-eabi/lib/armv6-m/libg_s.a(lib_a-impure.o)
 .data._impure_ptr
                0x1ffffa6c        0x4 /opt/Freescale/KDS_3.0.0/toolchain/bin/../lib/gcc/arm-none-eabi/4.8.4/../../../../arm-none-eabi/lib/armv6-m/libg_s.a(lib_a-impure.o)
                0x1ffffa6c                _impure_ptr
 *(.jcr*)
 .jcr           0x1ffffa70        0x0 /opt/Freescale/KDS_3.0.0/toolchain/bin/../lib/gcc/arm-none-eabi/4.8.4/armv6-m/crtbegin.o
 .jcr           0x1ffffa70        0x4 /opt/Freescale/KDS_3.0.0/toolchain/bin/../lib/gcc/arm-none-eabi/4.8.4/armv6-m/crtend.o
                0x1ffffa74                . = ALIGN (0x4)
                0x1ffffa74                __data_end__ = .
                0x00003c6c                __DATA_END = (__DATA_ROM + (__data_end__ - __data_start__))
                0x00003c6c                __m_interrupts_ram_ROMStart = (__DATA_ROM + SIZEOF (.data))

.igot.plt       0x1ffffa74        0x0 load address 0x00003c6c
 .igot.plt      0x00000000        0x0 /opt/Freescale/KDS_3.0.0/toolchain/bin/../lib/gcc/arm-none-eabi/4.8.4/armv6-m/crtbegin.o

.m_interrupts_ram
                0x1ffff800      0x200 load address 0x00003c6c
                0x1ffff800                . = ALIGN (0x4)
                0x1ffff800                __m_interrupts_ram_RAMStart = .
 *(.m_interrupts_ram)
                0x1ffffa00                . = (. + 0x200)
 *fill*         0x1ffff800      0x200 
                0x1ffffa00                __m_interrupts_ram_RAMEnd = .
                0x1ffffa00                . = ALIGN (0x4)
                0x00000200                __m_interrupts_ram_ROMSize = (__m_interrupts_ram_RAMEnd - __m_interrupts_ram_RAMStart)
                0x00000200                __RAM_VECTOR_TABLE_SIZE_BYTES = (__m_interrupts_ram_RAMEnd - __m_interrupts_ram_RAMStart)

.bss            0x1ffffa74       0xa0 load address 0x00003c6c
                0x1ffffa74                . = ALIGN (0x4)
                0x1ffffa74                __START_BSS = .
                0x1ffffa74                __bss_start__ = .
 *(.bss)
 .bss           0x1ffffa74       0x1c /opt/Freescale/KDS_3.0.0/toolchain/bin/../lib/gcc/arm-none-eabi/4.8.4/armv6-m/crtbegin.o
 *(.bss*)
 .bss.stepflag  0x1ffffa90        0x1 ./Sources/main.o
                0x1ffffa90                stepflag
 *fill*         0x1ffffa91        0x3 
 .bss.g_taskControlBlockPool
                0x1ffffa94       0x50 ./SDK/platform/osa/src/fsl_os_abstraction_bm.o
 .bss.g_freeTaskControlBlock
                0x1ffffae4        0x4 ./SDK/platform/osa/src/fsl_os_abstraction_bm.o
 .bss.g_taskListHead
                0x1ffffae8       0x10 ./SDK/platform/osa/src/fsl_os_abstraction_bm.o
 .bss.SwTimerIsrCounter
                0x1ffffaf8        0x2 ./Generated_Code/osa1.o
 *fill*         0x1ffffafa        0x2 
 .bss.__malloc_sbrk_start
                0x1ffffafc        0x4 /opt/Freescale/KDS_3.0.0/toolchain/bin/../lib/gcc/arm-none-eabi/4.8.4/../../../../arm-none-eabi/lib/armv6-m/libg_s.a(lib_a-nano-mallocr.o)
                0x1ffffafc                __malloc_sbrk_start
 .bss.__malloc_free_list
                0x1ffffb00        0x4 /opt/Freescale/KDS_3.0.0/toolchain/bin/../lib/gcc/arm-none-eabi/4.8.4/../../../../arm-none-eabi/lib/armv6-m/libg_s.a(lib_a-nano-mallocr.o)
                0x1ffffb00                __malloc_free_list
 .bss.heap_end.4246
                0x1ffffb04        0x4 /opt/Freescale/KDS_3.0.0/toolchain/bin/../lib/gcc/arm-none-eabi/4.8.4/../../../../arm-none-eabi/lib/armv6-m/libnosys.a(sbrk.o)
 *(COMMON)
 COMMON         0x1ffffb08        0x8 ./SDK/platform/hal/src/mcg/fsl_mcg_hal.o
                0x1ffffb08                g_xtal0ClkFreq
                0x1ffffb0c                g_xtalRtcClkFreq
 COMMON         0x1ffffb10        0x4 /opt/Freescale/KDS_3.0.0/toolchain/bin/../lib/gcc/arm-none-eabi/4.8.4/../../../../arm-none-eabi/lib/armv6-m/libg_s.a(lib_a-reent.o)
                0x1ffffb10                errno
                0x1ffffb14                . = ALIGN (0x4)
                0x1ffffb14                __bss_end__ = .
                0x1ffffb14                __END_BSS = .

.heap           0x1ffffb14        0x4 load address 0x00003d0c
                0x1ffffb18                . = ALIGN (0x8)
 *fill*         0x1ffffb14        0x4 
                0x1ffffb18                __end__ = .
                0x1ffffb18                PROVIDE (end, .)
                0x1ffffb18                __HeapBase = .
                0x1ffffb18                . = (. + HEAP_SIZE)
                0x1ffffb18                __HeapLimit = .

.stack          0x1ffffb18      0x100 load address 0x00003d10
                0x1ffffb18                . = ALIGN (0x8)
                0x1ffffc18                . = (. + STACK_SIZE)
 *fill*         0x1ffffb18      0x100 
                0x20001800                __StackTop = (ORIGIN (m_data) + 0x1e00)
                0x20001700                __StackLimit = (__StackTop - STACK_SIZE)
                0x20001800                PROVIDE (__stack, __StackTop)

.ARM.attributes
                0x00000000       0x28
 *(.ARM.attributes)
 .ARM.attributes
                0x00000000       0x1e /opt/Freescale/KDS_3.0.0/toolchain/bin/../lib/gcc/arm-none-eabi/4.8.4/armv6-m/crti.o
 .ARM.attributes
                0x0000001e       0x2c /opt/Freescale/KDS_3.0.0/toolchain/bin/../lib/gcc/arm-none-eabi/4.8.4/armv6-m/crtbegin.o
 .ARM.attributes
                0x0000004a       0x1b /opt/Freescale/KDS_3.0.0/toolchain/bin/../lib/gcc/arm-none-eabi/4.8.4/../../../../arm-none-eabi/lib/armv6-m/crt0.o
 .ARM.attributes
                0x00000065       0x32 ./Static_Code/System/PE_low_level_init.o
 .ARM.attributes
                0x00000097       0x32 ./Sources/Events.o
 .ARM.attributes
                0x000000c9       0x32 ./Sources/main.o
 .ARM.attributes
                0x000000fb       0x32 ./SDK/platform/system/src/clock/MKV10Z7/fsl_clock_MKV10Z7.o
 .ARM.attributes
                0x0000012d       0x32 ./SDK/platform/system/src/clock/fsl_clock_manager.o
 .ARM.attributes
                0x0000015f       0x32 ./SDK/platform/osa/src/fsl_os_abstraction_bm.o
 .ARM.attributes
                0x00000191       0x32 ./SDK/platform/hal/src/mcg/fsl_mcg_hal.o
 .ARM.attributes
                0x000001c3       0x32 ./SDK/platform/hal/src/gpio/fsl_gpio_hal.o
 .ARM.attributes
                0x000001f5       0x32 ./SDK/platform/drivers/src/gpio/fsl_gpio_common.o
 .ARM.attributes
                0x00000227       0x32 ./SDK/platform/drivers/src/gpio/fsl_gpio_driver.o
 .ARM.attributes
                0x00000259       0x1b ./SDK/platform/devices/MKV10Z7/startup/gcc/startup_MKV10Z7.o
 .ARM.attributes
                0x00000274       0x32 ./SDK/platform/devices/MKV10Z7/startup/system_MKV10Z7.o
 .ARM.attributes
                0x000002a6       0x32 ./SDK/platform/devices/startup.o
 .ARM.attributes
                0x000002d8       0x32 ./Generated_Code/Cpu.o
 .ARM.attributes
                0x0000030a       0x32 ./Generated_Code/gpio1.o
 .ARM.attributes
                0x0000033c       0x32 ./Generated_Code/hardware_init.o
 .ARM.attributes
                0x0000036e       0x32 ./Generated_Code/osa1.o
 .ARM.attributes
                0x000003a0       0x32 ./Generated_Code/pin_mux.o
 .ARM.attributes
                0x000003d2       0x1e /opt/Freescale/KDS_3.0.0/toolchain/bin/../lib/gcc/arm-none-eabi/4.8.4/armv6-m/libgcc.a(_udivsi3.o)
 .ARM.attributes
                0x000003f0       0x1e /opt/Freescale/KDS_3.0.0/toolchain/bin/../lib/gcc/arm-none-eabi/4.8.4/armv6-m/libgcc.a(_dvmd_tls.o)
 .ARM.attributes
                0x0000040e       0x1e /opt/Freescale/KDS_3.0.0/toolchain/bin/../lib/gcc/arm-none-eabi/4.8.4/armv6-m/libgcc.a(_aeabi_uldivmod.o)
 .ARM.attributes
                0x0000042c       0x2c /opt/Freescale/KDS_3.0.0/toolchain/bin/../lib/gcc/arm-none-eabi/4.8.4/armv6-m/libgcc.a(_muldi3.o)
 .ARM.attributes
                0x00000458       0x2c /opt/Freescale/KDS_3.0.0/toolchain/bin/../lib/gcc/arm-none-eabi/4.8.4/armv6-m/libgcc.a(bpabi.o)
 .ARM.attributes
                0x00000484       0x2c /opt/Freescale/KDS_3.0.0/toolchain/bin/../lib/gcc/arm-none-eabi/4.8.4/armv6-m/libgcc.a(_divdi3.o)
 .ARM.attributes
                0x000004b0       0x2c /opt/Freescale/KDS_3.0.0/toolchain/bin/../lib/gcc/arm-none-eabi/4.8.4/armv6-m/libgcc.a(_udivdi3.o)
 .ARM.attributes
                0x000004dc       0x1e /opt/Freescale/KDS_3.0.0/toolchain/bin/../lib/gcc/arm-none-eabi/4.8.4/armv6-m/libgcc.a(_clzsi2.o)
 .ARM.attributes
                0x000004fa       0x2c /opt/Freescale/KDS_3.0.0/toolchain/bin/../lib/gcc/arm-none-eabi/4.8.4/../../../../arm-none-eabi/lib/armv6-m/libg_s.a(lib_a-assert.o)
 .ARM.attributes
                0x00000526       0x2c /opt/Freescale/KDS_3.0.0/toolchain/bin/../lib/gcc/arm-none-eabi/4.8.4/../../../../arm-none-eabi/lib/armv6-m/libg_s.a(lib_a-exit.o)
 .ARM.attributes
                0x00000552       0x2c /opt/Freescale/KDS_3.0.0/toolchain/bin/../lib/gcc/arm-none-eabi/4.8.4/../../../../arm-none-eabi/lib/armv6-m/libg_s.a(lib_a-fprintf.o)
 .ARM.attributes
                0x0000057e       0x2c /opt/Freescale/KDS_3.0.0/toolchain/bin/../lib/gcc/arm-none-eabi/4.8.4/../../../../arm-none-eabi/lib/armv6-m/libg_s.a(lib_a-impure.o)
 .ARM.attributes
                0x000005aa       0x2c /opt/Freescale/KDS_3.0.0/toolchain/bin/../lib/gcc/arm-none-eabi/4.8.4/../../../../arm-none-eabi/lib/armv6-m/libg_s.a(lib_a-init.o)
 .ARM.attributes
                0x000005d6       0x2c /opt/Freescale/KDS_3.0.0/toolchain/bin/../lib/gcc/arm-none-eabi/4.8.4/../../../../arm-none-eabi/lib/armv6-m/libg_s.a(lib_a-memset.o)
 .ARM.attributes
                0x00000602       0x2c /opt/Freescale/KDS_3.0.0/toolchain/bin/../lib/gcc/arm-none-eabi/4.8.4/../../../../arm-none-eabi/lib/armv6-m/libg_s.a(lib_a-nano-freer.o)
 .ARM.attributes
                0x0000062e       0x2c /opt/Freescale/KDS_3.0.0/toolchain/bin/../lib/gcc/arm-none-eabi/4.8.4/../../../../arm-none-eabi/lib/armv6-m/libg_s.a(lib_a-nano-mallocr.o)
 .ARM.attributes
                0x0000065a       0x2c /opt/Freescale/KDS_3.0.0/toolchain/bin/../lib/gcc/arm-none-eabi/4.8.4/../../../../arm-none-eabi/lib/armv6-m/libg_s.a(lib_a-sbrkr.o)
 .ARM.attributes
                0x00000686       0x2c /opt/Freescale/KDS_3.0.0/toolchain/bin/../lib/gcc/arm-none-eabi/4.8.4/../../../../arm-none-eabi/lib/armv6-m/libg_s.a(lib_a-vfprintf.o)
 .ARM.attributes
                0x000006b2       0x2c /opt/Freescale/KDS_3.0.0/toolchain/bin/../lib/gcc/arm-none-eabi/4.8.4/../../../../arm-none-eabi/lib/armv6-m/libg_s.a(lib_a-vfprintf_i.o)
 .ARM.attributes
                0x000006de       0x2c /opt/Freescale/KDS_3.0.0/toolchain/bin/../lib/gcc/arm-none-eabi/4.8.4/../../../../arm-none-eabi/lib/armv6-m/libg_s.a(lib_a-wbuf.o)
 .ARM.attributes
                0x0000070a       0x2c /opt/Freescale/KDS_3.0.0/toolchain/bin/../lib/gcc/arm-none-eabi/4.8.4/../../../../arm-none-eabi/lib/armv6-m/libg_s.a(lib_a-wsetup.o)
 .ARM.attributes
                0x00000736       0x2c /opt/Freescale/KDS_3.0.0/toolchain/bin/../lib/gcc/arm-none-eabi/4.8.4/../../../../arm-none-eabi/lib/armv6-m/libg_s.a(lib_a-abort.o)
 .ARM.attributes
                0x00000762       0x2c /opt/Freescale/KDS_3.0.0/toolchain/bin/../lib/gcc/arm-none-eabi/4.8.4/../../../../arm-none-eabi/lib/armv6-m/libg_s.a(lib_a-fflush.o)
 .ARM.attributes
                0x0000078e       0x2c /opt/Freescale/KDS_3.0.0/toolchain/bin/../lib/gcc/arm-none-eabi/4.8.4/../../../../arm-none-eabi/lib/armv6-m/libg_s.a(lib_a-findfp.o)
 .ARM.attributes
                0x000007ba       0x2c /opt/Freescale/KDS_3.0.0/toolchain/bin/../lib/gcc/arm-none-eabi/4.8.4/../../../../arm-none-eabi/lib/armv6-m/libg_s.a(lib_a-makebuf.o)
 .ARM.attributes
                0x000007e6       0x2c /opt/Freescale/KDS_3.0.0/toolchain/bin/../lib/gcc/arm-none-eabi/4.8.4/../../../../arm-none-eabi/lib/armv6-m/libg_s.a(lib_a-memchr-stub.o)
 .ARM.attributes
                0x00000812       0x2c /opt/Freescale/KDS_3.0.0/toolchain/bin/../lib/gcc/arm-none-eabi/4.8.4/../../../../arm-none-eabi/lib/armv6-m/libg_s.a(lib_a-reent.o)
 .ARM.attributes
                0x0000083e       0x2c /opt/Freescale/KDS_3.0.0/toolchain/bin/../lib/gcc/arm-none-eabi/4.8.4/../../../../arm-none-eabi/lib/armv6-m/libg_s.a(lib_a-signal.o)
 .ARM.attributes
                0x0000086a       0x2c /opt/Freescale/KDS_3.0.0/toolchain/bin/../lib/gcc/arm-none-eabi/4.8.4/../../../../arm-none-eabi/lib/armv6-m/libg_s.a(lib_a-signalr.o)
 .ARM.attributes
                0x00000896       0x2c /opt/Freescale/KDS_3.0.0/toolchain/bin/../lib/gcc/arm-none-eabi/4.8.4/../../../../arm-none-eabi/lib/armv6-m/libg_s.a(lib_a-stdio.o)
 .ARM.attributes
                0x000008c2       0x2c /opt/Freescale/KDS_3.0.0/toolchain/bin/../lib/gcc/arm-none-eabi/4.8.4/../../../../arm-none-eabi/lib/armv6-m/libg_s.a(lib_a-strlen.o)
 .ARM.attributes
                0x000008ee       0x2c /opt/Freescale/KDS_3.0.0/toolchain/bin/../lib/gcc/arm-none-eabi/4.8.4/../../../../arm-none-eabi/lib/armv6-m/libg_s.a(lib_a-writer.o)
 .ARM.attributes
                0x0000091a       0x2c /opt/Freescale/KDS_3.0.0/toolchain/bin/../lib/gcc/arm-none-eabi/4.8.4/../../../../arm-none-eabi/lib/armv6-m/libg_s.a(lib_a-closer.o)
 .ARM.attributes
                0x00000946       0x2c /opt/Freescale/KDS_3.0.0/toolchain/bin/../lib/gcc/arm-none-eabi/4.8.4/../../../../arm-none-eabi/lib/armv6-m/libg_s.a(lib_a-fstatr.o)
 .ARM.attributes
                0x00000972       0x2c /opt/Freescale/KDS_3.0.0/toolchain/bin/../lib/gcc/arm-none-eabi/4.8.4/../../../../arm-none-eabi/lib/armv6-m/libg_s.a(lib_a-isattyr.o)
 .ARM.attributes
                0x0000099e       0x2c /opt/Freescale/KDS_3.0.0/toolchain/bin/../lib/gcc/arm-none-eabi/4.8.4/../../../../arm-none-eabi/lib/armv6-m/libg_s.a(lib_a-lseekr.o)
 .ARM.attributes
                0x000009ca       0x2c /opt/Freescale/KDS_3.0.0/toolchain/bin/../lib/gcc/arm-none-eabi/4.8.4/../../../../arm-none-eabi/lib/armv6-m/libg_s.a(lib_a-readr.o)
 .ARM.attributes
                0x000009f6       0x2c /opt/Freescale/KDS_3.0.0/toolchain/bin/../lib/gcc/arm-none-eabi/4.8.4/../../../../arm-none-eabi/lib/armv6-m/libnosys.a(close.o)
 .ARM.attributes
                0x00000a22       0x2c /opt/Freescale/KDS_3.0.0/toolchain/bin/../lib/gcc/arm-none-eabi/4.8.4/../../../../arm-none-eabi/lib/armv6-m/libnosys.a(fstat.o)
 .ARM.attributes
                0x00000a4e       0x2c /opt/Freescale/KDS_3.0.0/toolchain/bin/../lib/gcc/arm-none-eabi/4.8.4/../../../../arm-none-eabi/lib/armv6-m/libnosys.a(getpid.o)
 .ARM.attributes
                0x00000a7a       0x2c /opt/Freescale/KDS_3.0.0/toolchain/bin/../lib/gcc/arm-none-eabi/4.8.4/../../../../arm-none-eabi/lib/armv6-m/libnosys.a(isatty.o)
 .ARM.attributes
                0x00000aa6       0x2c /opt/Freescale/KDS_3.0.0/toolchain/bin/../lib/gcc/arm-none-eabi/4.8.4/../../../../arm-none-eabi/lib/armv6-m/libnosys.a(kill.o)
 .ARM.attributes
                0x00000ad2       0x2c /opt/Freescale/KDS_3.0.0/toolchain/bin/../lib/gcc/arm-none-eabi/4.8.4/../../../../arm-none-eabi/lib/armv6-m/libnosys.a(lseek.o)
 .ARM.attributes
                0x00000afe       0x2c /opt/Freescale/KDS_3.0.0/toolchain/bin/../lib/gcc/arm-none-eabi/4.8.4/../../../../arm-none-eabi/lib/armv6-m/libnosys.a(read.o)
 .ARM.attributes
                0x00000b2a       0x2c /opt/Freescale/KDS_3.0.0/toolchain/bin/../lib/gcc/arm-none-eabi/4.8.4/../../../../arm-none-eabi/lib/armv6-m/libnosys.a(sbrk.o)
 .ARM.attributes
                0x00000b56       0x2c /opt/Freescale/KDS_3.0.0/toolchain/bin/../lib/gcc/arm-none-eabi/4.8.4/../../../../arm-none-eabi/lib/armv6-m/libnosys.a(write.o)
 .ARM.attributes
                0x00000b82       0x2c /opt/Freescale/KDS_3.0.0/toolchain/bin/../lib/gcc/arm-none-eabi/4.8.4/../../../../arm-none-eabi/lib/armv6-m/libnosys.a(_exit.o)
 .ARM.attributes
                0x00000bae       0x2c /opt/Freescale/KDS_3.0.0/toolchain/bin/../lib/gcc/arm-none-eabi/4.8.4/armv6-m/crtend.o
 .ARM.attributes
                0x00000bda       0x1e /opt/Freescale/KDS_3.0.0/toolchain/bin/../lib/gcc/arm-none-eabi/4.8.4/armv6-m/crtn.o
OUTPUT(KV10-Blink.elf elf32-littlearm)

.debug_info     0x00000000     0x6f67
 .debug_info    0x00000000       0xd8 ./Static_Code/System/PE_low_level_init.o
 .debug_info    0x000000d8      0x195 ./Sources/Events.o
 .debug_info    0x0000026d      0x164 ./Sources/main.o
 .debug_info    0x000003d1     0x1422 ./SDK/platform/system/src/clock/MKV10Z7/fsl_clock_MKV10Z7.o
 .debug_info    0x000017f3      0xd47 ./SDK/platform/system/src/clock/fsl_clock_manager.o
 .debug_info    0x0000253a      0xefd ./SDK/platform/osa/src/fsl_os_abstraction_bm.o
 .debug_info    0x00003437      0x978 ./SDK/platform/hal/src/mcg/fsl_mcg_hal.o
 .debug_info    0x00003daf      0x2f0 ./SDK/platform/hal/src/gpio/fsl_gpio_hal.o
 .debug_info    0x0000409f      0x397 ./SDK/platform/drivers/src/gpio/fsl_gpio_common.o
 .debug_info    0x00004436      0xef3 ./SDK/platform/drivers/src/gpio/fsl_gpio_driver.o
 .debug_info    0x00005329       0x93 ./SDK/platform/devices/MKV10Z7/startup/gcc/startup_MKV10Z7.o
 .debug_info    0x000053bc      0x5e7 ./SDK/platform/devices/MKV10Z7/startup/system_MKV10Z7.o
 .debug_info    0x000059a3      0x296 ./SDK/platform/devices/startup.o
 .debug_info    0x00005c39      0x29b ./Generated_Code/Cpu.o
 .debug_info    0x00005ed4      0x2e2 ./Generated_Code/gpio1.o
 .debug_info    0x000061b6      0x39e ./Generated_Code/hardware_init.o
 .debug_info    0x00006554      0x501 ./Generated_Code/osa1.o
 .debug_info    0x00006a55      0x512 ./Generated_Code/pin_mux.o

.debug_abbrev   0x00000000     0x173b
 .debug_abbrev  0x00000000       0x75 ./Static_Code/System/PE_low_level_init.o
 .debug_abbrev  0x00000075       0xe4 ./Sources/Events.o
 .debug_abbrev  0x00000159       0xe0 ./Sources/main.o
 .debug_abbrev  0x00000239      0x29e ./SDK/platform/system/src/clock/MKV10Z7/fsl_clock_MKV10Z7.o
 .debug_abbrev  0x000004d7      0x24d ./SDK/platform/system/src/clock/fsl_clock_manager.o
 .debug_abbrev  0x00000724      0x21f ./SDK/platform/osa/src/fsl_os_abstraction_bm.o
 .debug_abbrev  0x00000943      0x22c ./SDK/platform/hal/src/mcg/fsl_mcg_hal.o
 .debug_abbrev  0x00000b6f      0x11b ./SDK/platform/hal/src/gpio/fsl_gpio_hal.o
 .debug_abbrev  0x00000c8a       0xc0 ./SDK/platform/drivers/src/gpio/fsl_gpio_common.o
 .debug_abbrev  0x00000d4a      0x27a ./SDK/platform/drivers/src/gpio/fsl_gpio_driver.o
 .debug_abbrev  0x00000fc4       0x14 ./SDK/platform/devices/MKV10Z7/startup/gcc/startup_MKV10Z7.o
 .debug_abbrev  0x00000fd8      0x109 ./SDK/platform/devices/MKV10Z7/startup/system_MKV10Z7.o
 .debug_abbrev  0x000010e1       0xe9 ./SDK/platform/devices/startup.o
 .debug_abbrev  0x000011ca       0xb7 ./Generated_Code/Cpu.o
 .debug_abbrev  0x00001281       0xb0 ./Generated_Code/gpio1.o
 .debug_abbrev  0x00001331      0x10c ./Generated_Code/hardware_init.o
 .debug_abbrev  0x0000143d      0x1c7 ./Generated_Code/osa1.o
 .debug_abbrev  0x00001604      0x137 ./Generated_Code/pin_mux.o

.debug_aranges  0x00000000      0x7b0
 .debug_aranges
                0x00000000       0x28 ./Static_Code/System/PE_low_level_init.o
 .debug_aranges
                0x00000028       0x28 ./Sources/Events.o
 .debug_aranges
                0x00000050       0x28 ./Sources/main.o
 .debug_aranges
                0x00000078      0x1c0 ./SDK/platform/system/src/clock/MKV10Z7/fsl_clock_MKV10Z7.o
 .debug_aranges
                0x00000238       0xb0 ./SDK/platform/system/src/clock/fsl_clock_manager.o
 .debug_aranges
                0x000002e8      0x148 ./SDK/platform/osa/src/fsl_os_abstraction_bm.o
 .debug_aranges
                0x00000430       0xa8 ./SDK/platform/hal/src/mcg/fsl_mcg_hal.o
 .debug_aranges
                0x000004d8       0x38 ./SDK/platform/hal/src/gpio/fsl_gpio_hal.o
 .debug_aranges
                0x00000510       0x18 ./SDK/platform/drivers/src/gpio/fsl_gpio_common.o
 .debug_aranges
                0x00000528       0xf8 ./SDK/platform/drivers/src/gpio/fsl_gpio_driver.o
 .debug_aranges
                0x00000620       0x20 ./SDK/platform/devices/MKV10Z7/startup/gcc/startup_MKV10Z7.o
 .debug_aranges
                0x00000640       0x28 ./SDK/platform/devices/MKV10Z7/startup/system_MKV10Z7.o
 .debug_aranges
                0x00000668       0x20 ./SDK/platform/devices/startup.o
 .debug_aranges
                0x00000688       0x20 ./Generated_Code/Cpu.o
 .debug_aranges
                0x000006a8       0x18 ./Generated_Code/gpio1.o
 .debug_aranges
                0x000006c0       0x28 ./Generated_Code/hardware_init.o
 .debug_aranges
                0x000006e8       0x48 ./Generated_Code/osa1.o
 .debug_aranges
                0x00000730       0x80 ./Generated_Code/pin_mux.o

.debug_ranges   0x00000000      0x670
 .debug_ranges  0x00000000       0x18 ./Static_Code/System/PE_low_level_init.o
 .debug_ranges  0x00000018       0x18 ./Sources/Events.o
 .debug_ranges  0x00000030       0x18 ./Sources/main.o
 .debug_ranges  0x00000048      0x1b0 ./SDK/platform/system/src/clock/MKV10Z7/fsl_clock_MKV10Z7.o
 .debug_ranges  0x000001f8       0xa0 ./SDK/platform/system/src/clock/fsl_clock_manager.o
 .debug_ranges  0x00000298      0x138 ./SDK/platform/osa/src/fsl_os_abstraction_bm.o
 .debug_ranges  0x000003d0       0x98 ./SDK/platform/hal/src/mcg/fsl_mcg_hal.o
 .debug_ranges  0x00000468       0x28 ./SDK/platform/hal/src/gpio/fsl_gpio_hal.o
 .debug_ranges  0x00000490       0xe8 ./SDK/platform/drivers/src/gpio/fsl_gpio_driver.o
 .debug_ranges  0x00000578       0x18 ./SDK/platform/devices/MKV10Z7/startup/system_MKV10Z7.o
 .debug_ranges  0x00000590       0x10 ./SDK/platform/devices/startup.o
 .debug_ranges  0x000005a0       0x10 ./Generated_Code/Cpu.o
 .debug_ranges  0x000005b0       0x18 ./Generated_Code/hardware_init.o
 .debug_ranges  0x000005c8       0x38 ./Generated_Code/osa1.o
 .debug_ranges  0x00000600       0x70 ./Generated_Code/pin_mux.o

.debug_macro    0x00000000    0x17a8e
 .debug_macro   0x00000000      0x2de ./Static_Code/System/PE_low_level_init.o
 .debug_macro   0x000002de      0x80e ./Static_Code/System/PE_low_level_init.o
 .debug_macro   0x00000aec       0x11 ./Static_Code/System/PE_low_level_init.o
 .debug_macro   0x00000afd       0x16 ./Static_Code/System/PE_low_level_init.o
 .debug_macro   0x00000b13       0x16 ./Static_Code/System/PE_low_level_init.o
 .debug_macro   0x00000b29       0x44 ./Static_Code/System/PE_low_level_init.o
 .debug_macro   0x00000b6d      0x209 ./Static_Code/System/PE_low_level_init.o
 .debug_macro   0x00000d76       0x39 ./Static_Code/System/PE_low_level_init.o
 .debug_macro   0x00000daf       0x3a ./Static_Code/System/PE_low_level_init.o
 .debug_macro   0x00000de9       0x1f ./Static_Code/System/PE_low_level_init.o
 .debug_macro   0x00000e08      0x250 ./Static_Code/System/PE_low_level_init.o
 .debug_macro   0x00001058       0x96 ./Static_Code/System/PE_low_level_init.o
 .debug_macro   0x000010ee     0x9e33 ./Static_Code/System/PE_low_level_init.o
 .debug_macro   0x0000af21       0x58 ./Static_Code/System/PE_low_level_init.o
 .debug_macro   0x0000af79       0x35 ./Static_Code/System/PE_low_level_init.o
 .debug_macro   0x0000afae       0xa3 ./Static_Code/System/PE_low_level_init.o
 .debug_macro   0x0000b051       0x16 ./Static_Code/System/PE_low_level_init.o
 .debug_macro   0x0000b067      0x10e ./Static_Code/System/PE_low_level_init.o
 .debug_macro   0x0000b175       0x7f ./Static_Code/System/PE_low_level_init.o
 .debug_macro   0x0000b1f4       0x52 ./Static_Code/System/PE_low_level_init.o
 .debug_macro   0x0000b246       0x16 ./Static_Code/System/PE_low_level_init.o
 .debug_macro   0x0000b25c       0x43 ./Static_Code/System/PE_low_level_init.o
 .debug_macro   0x0000b29f      0x180 ./Static_Code/System/PE_low_level_init.o
 .debug_macro   0x0000b41f       0x22 ./Static_Code/System/PE_low_level_init.o
 .debug_macro   0x0000b441       0x7c ./Static_Code/System/PE_low_level_init.o
 .debug_macro   0x0000b4bd     0x9318 ./Static_Code/System/PE_low_level_init.o
 .debug_macro   0x000147d5      0xfac ./Static_Code/System/PE_low_level_init.o
 .debug_macro   0x00015781       0x22 ./Static_Code/System/PE_low_level_init.o
 .debug_macro   0x000157a3       0x16 ./Static_Code/System/PE_low_level_init.o
 .debug_macro   0x000157b9       0x10 ./Static_Code/System/PE_low_level_init.o
 .debug_macro   0x000157c9       0x10 ./Static_Code/System/PE_low_level_init.o
 .debug_macro   0x000157d9       0x12 ./Static_Code/System/PE_low_level_init.o
 .debug_macro   0x000157eb       0x10 ./Static_Code/System/PE_low_level_init.o
 .debug_macro   0x000157fb       0x3e ./Static_Code/System/PE_low_level_init.o
 .debug_macro   0x00015839       0x12 ./Static_Code/System/PE_low_level_init.o
 .debug_macro   0x0001584b       0x10 ./Static_Code/System/PE_low_level_init.o
 .debug_macro   0x0001585b       0x28 ./Static_Code/System/PE_low_level_init.o
 .debug_macro   0x00015883       0x22 ./Static_Code/System/PE_low_level_init.o
 .debug_macro   0x000158a5       0x42 ./Static_Code/System/PE_low_level_init.o
 .debug_macro   0x000158e7      0x2c4 ./Sources/Events.o
 .debug_macro   0x00015bab      0x2c4 ./Sources/main.o
 .debug_macro   0x00015e6f      0x1fd ./SDK/platform/system/src/clock/MKV10Z7/fsl_clock_MKV10Z7.o
 .debug_macro   0x0001606c       0x82 ./SDK/platform/system/src/clock/MKV10Z7/fsl_clock_MKV10Z7.o
 .debug_macro   0x000160ee      0x232 ./SDK/platform/system/src/clock/fsl_clock_manager.o
 .debug_macro   0x00016320      0x229 ./SDK/platform/osa/src/fsl_os_abstraction_bm.o
 .debug_macro   0x00016549      0x179 ./SDK/platform/hal/src/mcg/fsl_mcg_hal.o
 .debug_macro   0x000166c2      0x16e ./SDK/platform/hal/src/gpio/fsl_gpio_hal.o
 .debug_macro   0x00016830      0x15d ./SDK/platform/drivers/src/gpio/fsl_gpio_common.o
 .debug_macro   0x0001698d      0x23c ./SDK/platform/drivers/src/gpio/fsl_gpio_driver.o
 .debug_macro   0x00016bc9       0x22 ./SDK/platform/drivers/src/gpio/fsl_gpio_driver.o
 .debug_macro   0x00016beb      0x158 ./SDK/platform/devices/MKV10Z7/startup/system_MKV10Z7.o
 .debug_macro   0x00016d43      0x167 ./SDK/platform/devices/startup.o
 .debug_macro   0x00016eaa      0x2d2 ./Generated_Code/Cpu.o
 .debug_macro   0x0001717c       0x3c ./Generated_Code/Cpu.o
 .debug_macro   0x000171b8      0x2c3 ./Generated_Code/gpio1.o
 .debug_macro   0x0001747b      0x1c7 ./Generated_Code/hardware_init.o
 .debug_macro   0x00017642      0x296 ./Generated_Code/osa1.o
 .debug_macro   0x000178d8      0x1b6 ./Generated_Code/pin_mux.o

.debug_line     0x00000000     0x7a5b
 .debug_line    0x00000000      0x84a ./Static_Code/System/PE_low_level_init.o
 .debug_line    0x0000084a      0x7d3 ./Sources/Events.o
 .debug_line    0x0000101d      0x814 ./Sources/main.o
 .debug_line    0x00001831      0xaed ./SDK/platform/system/src/clock/MKV10Z7/fsl_clock_MKV10Z7.o
 .debug_line    0x0000231e      0x893 ./SDK/platform/system/src/clock/fsl_clock_manager.o
 .debug_line    0x00002bb1      0xa62 ./SDK/platform/osa/src/fsl_os_abstraction_bm.o
 .debug_line    0x00003613      0x656 ./SDK/platform/hal/src/mcg/fsl_mcg_hal.o
 .debug_line    0x00003c69      0x49f ./SDK/platform/hal/src/gpio/fsl_gpio_hal.o
 .debug_line    0x00004108      0x3e0 ./SDK/platform/drivers/src/gpio/fsl_gpio_common.o
 .debug_line    0x000044e8      0x926 ./SDK/platform/drivers/src/gpio/fsl_gpio_driver.o
 .debug_line    0x00004e0e       0x77 ./SDK/platform/devices/MKV10Z7/startup/gcc/startup_MKV10Z7.o
 .debug_line    0x00004e85      0x46d ./SDK/platform/devices/MKV10Z7/startup/system_MKV10Z7.o
 .debug_line    0x000052f2      0x3bd ./SDK/platform/devices/startup.o
 .debug_line    0x000056af      0x822 ./Generated_Code/Cpu.o
 .debug_line    0x00005ed1      0x7fb ./Generated_Code/gpio1.o
 .debug_line    0x000066cc      0x54c ./Generated_Code/hardware_init.o
 .debug_line    0x00006c18      0x7d0 ./Generated_Code/osa1.o
 .debug_line    0x000073e8      0x673 ./Generated_Code/pin_mux.o

.debug_str      0x00000000    0xc574e
 .debug_str     0x00000000    0xc22ae ./Static_Code/System/PE_low_level_init.o
                              0xc2794 (size before relaxing)
 .debug_str     0x000c22ae       0x7d ./Sources/Events.o
                              0xc27a3 (size before relaxing)
 .debug_str     0x000c232b       0x5b ./Sources/main.o
                              0xc2782 (size before relaxing)
 .debug_str     0x000c2386     0x10c7 ./SDK/platform/system/src/clock/MKV10Z7/fsl_clock_MKV10Z7.o
                              0xc3018 (size before relaxing)
 .debug_str     0x000c344d      0xa98 ./SDK/platform/system/src/clock/fsl_clock_manager.o
                              0xc307a (size before relaxing)
 .debug_str     0x000c3ee5      0x7a2 ./SDK/platform/osa/src/fsl_os_abstraction_bm.o
                              0xc29e6 (size before relaxing)
 .debug_str     0x000c4687      0x4d0 ./SDK/platform/hal/src/mcg/fsl_mcg_hal.o
                              0xc2645 (size before relaxing)
 .debug_str     0x000c4b57       0xd7 ./SDK/platform/hal/src/gpio/fsl_gpio_hal.o
                              0xc1f01 (size before relaxing)
 .debug_str     0x000c4c2e       0x61 ./SDK/platform/drivers/src/gpio/fsl_gpio_common.o
                              0xc1f9c (size before relaxing)
 .debug_str     0x000c4c8f      0x68f ./SDK/platform/drivers/src/gpio/fsl_gpio_driver.o
                              0xc29b5 (size before relaxing)
 .debug_str     0x000c531e      0x12d ./SDK/platform/devices/MKV10Z7/startup/system_MKV10Z7.o
                              0xc1f63 (size before relaxing)
 .debug_str     0x000c544b      0x126 ./SDK/platform/devices/startup.o
                              0xc1e2f (size before relaxing)
 .debug_str     0x000c5571       0x4a ./Generated_Code/Cpu.o
                              0xc2a20 (size before relaxing)
 .debug_str     0x000c55bb       0x1a ./Generated_Code/gpio1.o
                              0xc2a4b (size before relaxing)
 .debug_str     0x000c55d5       0x30 ./Generated_Code/hardware_init.o
                              0xc21b2 (size before relaxing)
 .debug_str     0x000c5605       0xe5 ./Generated_Code/osa1.o
                              0xc2727 (size before relaxing)
 .debug_str     0x000c56ea       0x64 ./Generated_Code/pin_mux.o
                              0xc2143 (size before relaxing)

.comment        0x00000000       0x70
 .comment       0x00000000       0x70 ./Static_Code/System/PE_low_level_init.o
                                 0x71 (size before relaxing)
 .comment       0x00000000       0x71 ./Sources/Events.o
 .comment       0x00000000       0x71 ./Sources/main.o
 .comment       0x00000000       0x71 ./SDK/platform/system/src/clock/MKV10Z7/fsl_clock_MKV10Z7.o
 .comment       0x00000000       0x71 ./SDK/platform/system/src/clock/fsl_clock_manager.o
 .comment       0x00000000       0x71 ./SDK/platform/osa/src/fsl_os_abstraction_bm.o
 .comment       0x00000000       0x71 ./SDK/platform/hal/src/mcg/fsl_mcg_hal.o
 .comment       0x00000000       0x71 ./SDK/platform/hal/src/gpio/fsl_gpio_hal.o
 .comment       0x00000000       0x71 ./SDK/platform/drivers/src/gpio/fsl_gpio_common.o
 .comment       0x00000000       0x71 ./SDK/platform/drivers/src/gpio/fsl_gpio_driver.o
 .comment       0x00000000       0x71 ./SDK/platform/devices/MKV10Z7/startup/system_MKV10Z7.o
 .comment       0x00000000       0x71 ./SDK/platform/devices/startup.o
 .comment       0x00000000       0x71 ./Generated_Code/Cpu.o
 .comment       0x00000000       0x71 ./Generated_Code/gpio1.o
 .comment       0x00000000       0x71 ./Generated_Code/hardware_init.o
 .comment       0x00000000       0x71 ./Generated_Code/osa1.o
 .comment       0x00000000       0x71 ./Generated_Code/pin_mux.o

.debug_frame    0x00000000     0x2314
 .debug_frame   0x00000000       0x48 ./Static_Code/System/PE_low_level_init.o
 .debug_frame   0x00000048       0x4c ./Sources/Events.o
 .debug_frame   0x00000094       0x48 ./Sources/main.o
 .debug_frame   0x000000dc      0x6a0 ./SDK/platform/system/src/clock/MKV10Z7/fsl_clock_MKV10Z7.o
 .debug_frame   0x0000077c      0x264 ./SDK/platform/system/src/clock/fsl_clock_manager.o
 .debug_frame   0x000009e0      0x4b8 ./SDK/platform/osa/src/fsl_os_abstraction_bm.o
 .debug_frame   0x00000e98      0x250 ./SDK/platform/hal/src/mcg/fsl_mcg_hal.o
 .debug_frame   0x000010e8       0x90 ./SDK/platform/hal/src/gpio/fsl_gpio_hal.o
 .debug_frame   0x00001178      0x390 ./SDK/platform/drivers/src/gpio/fsl_gpio_driver.o
 .debug_frame   0x00001508       0x4c ./SDK/platform/devices/MKV10Z7/startup/system_MKV10Z7.o
 .debug_frame   0x00001554       0x30 ./SDK/platform/devices/startup.o
 .debug_frame   0x00001584       0x2c ./Generated_Code/Cpu.o
 .debug_frame   0x000015b0       0x4c ./Generated_Code/hardware_init.o
 .debug_frame   0x000015fc       0xd0 ./Generated_Code/osa1.o
 .debug_frame   0x000016cc      0x1b0 ./Generated_Code/pin_mux.o
 .debug_frame   0x0000187c       0x20 /opt/Freescale/KDS_3.0.0/toolchain/bin/../lib/gcc/arm-none-eabi/4.8.4/armv6-m/libgcc.a(_udivsi3.o)
 .debug_frame   0x0000189c       0x30 /opt/Freescale/KDS_3.0.0/toolchain/bin/../lib/gcc/arm-none-eabi/4.8.4/armv6-m/libgcc.a(_muldi3.o)
 .debug_frame   0x000018cc       0x50 /opt/Freescale/KDS_3.0.0/toolchain/bin/../lib/gcc/arm-none-eabi/4.8.4/armv6-m/libgcc.a(bpabi.o)
 .debug_frame   0x0000191c       0x3c /opt/Freescale/KDS_3.0.0/toolchain/bin/../lib/gcc/arm-none-eabi/4.8.4/armv6-m/libgcc.a(_divdi3.o)
 .debug_frame   0x00001958       0x3c /opt/Freescale/KDS_3.0.0/toolchain/bin/../lib/gcc/arm-none-eabi/4.8.4/armv6-m/libgcc.a(_udivdi3.o)
 .debug_frame   0x00001994       0x4c /opt/Freescale/KDS_3.0.0/toolchain/bin/../lib/gcc/arm-none-eabi/4.8.4/../../../../arm-none-eabi/lib/armv6-m/libg_s.a(lib_a-assert.o)
 .debug_frame   0x000019e0       0x28 /opt/Freescale/KDS_3.0.0/toolchain/bin/../lib/gcc/arm-none-eabi/4.8.4/../../../../arm-none-eabi/lib/armv6-m/libg_s.a(lib_a-exit.o)
 .debug_frame   0x00001a08       0x4c /opt/Freescale/KDS_3.0.0/toolchain/bin/../lib/gcc/arm-none-eabi/4.8.4/../../../../arm-none-eabi/lib/armv6-m/libg_s.a(lib_a-fprintf.o)
 .debug_frame   0x00001a54       0x2c /opt/Freescale/KDS_3.0.0/toolchain/bin/../lib/gcc/arm-none-eabi/4.8.4/../../../../arm-none-eabi/lib/armv6-m/libg_s.a(lib_a-init.o)
 .debug_frame   0x00001a80       0x20 /opt/Freescale/KDS_3.0.0/toolchain/bin/../lib/gcc/arm-none-eabi/4.8.4/../../../../arm-none-eabi/lib/armv6-m/libg_s.a(lib_a-memset.o)
 .debug_frame   0x00001aa0       0x2c /opt/Freescale/KDS_3.0.0/toolchain/bin/../lib/gcc/arm-none-eabi/4.8.4/../../../../arm-none-eabi/lib/armv6-m/libg_s.a(lib_a-nano-freer.o)
 .debug_frame   0x00001acc       0x2c /opt/Freescale/KDS_3.0.0/toolchain/bin/../lib/gcc/arm-none-eabi/4.8.4/../../../../arm-none-eabi/lib/armv6-m/libg_s.a(lib_a-nano-mallocr.o)
 .debug_frame   0x00001af8       0x2c /opt/Freescale/KDS_3.0.0/toolchain/bin/../lib/gcc/arm-none-eabi/4.8.4/../../../../arm-none-eabi/lib/armv6-m/libg_s.a(lib_a-sbrkr.o)
 .debug_frame   0x00001b24       0xa0 /opt/Freescale/KDS_3.0.0/toolchain/bin/../lib/gcc/arm-none-eabi/4.8.4/../../../../arm-none-eabi/lib/armv6-m/libg_s.a(lib_a-vfprintf.o)
 .debug_frame   0x00001bc4       0x54 /opt/Freescale/KDS_3.0.0/toolchain/bin/../lib/gcc/arm-none-eabi/4.8.4/../../../../arm-none-eabi/lib/armv6-m/libg_s.a(lib_a-vfprintf_i.o)
 .debug_frame   0x00001c18       0x44 /opt/Freescale/KDS_3.0.0/toolchain/bin/../lib/gcc/arm-none-eabi/4.8.4/../../../../arm-none-eabi/lib/armv6-m/libg_s.a(lib_a-wbuf.o)
 .debug_frame   0x00001c5c       0x2c /opt/Freescale/KDS_3.0.0/toolchain/bin/../lib/gcc/arm-none-eabi/4.8.4/../../../../arm-none-eabi/lib/armv6-m/libg_s.a(lib_a-wsetup.o)
 .debug_frame   0x00001c88       0x28 /opt/Freescale/KDS_3.0.0/toolchain/bin/../lib/gcc/arm-none-eabi/4.8.4/../../../../arm-none-eabi/lib/armv6-m/libg_s.a(lib_a-abort.o)
 .debug_frame   0x00001cb0       0x68 /opt/Freescale/KDS_3.0.0/toolchain/bin/../lib/gcc/arm-none-eabi/4.8.4/../../../../arm-none-eabi/lib/armv6-m/libg_s.a(lib_a-fflush.o)
 .debug_frame   0x00001d18      0x148 /opt/Freescale/KDS_3.0.0/toolchain/bin/../lib/gcc/arm-none-eabi/4.8.4/../../../../arm-none-eabi/lib/armv6-m/libg_s.a(lib_a-findfp.o)
 .debug_frame   0x00001e60       0x30 /opt/Freescale/KDS_3.0.0/toolchain/bin/../lib/gcc/arm-none-eabi/4.8.4/../../../../arm-none-eabi/lib/armv6-m/libg_s.a(lib_a-makebuf.o)
 .debug_frame   0x00001e90       0x20 /opt/Freescale/KDS_3.0.0/toolchain/bin/../lib/gcc/arm-none-eabi/4.8.4/../../../../arm-none-eabi/lib/armv6-m/libg_s.a(lib_a-memchr-stub.o)
 .debug_frame   0x00001eb0       0x48 /opt/Freescale/KDS_3.0.0/toolchain/bin/../lib/gcc/arm-none-eabi/4.8.4/../../../../arm-none-eabi/lib/armv6-m/libg_s.a(lib_a-reent.o)
 .debug_frame   0x00001ef8       0xe0 /opt/Freescale/KDS_3.0.0/toolchain/bin/../lib/gcc/arm-none-eabi/4.8.4/../../../../arm-none-eabi/lib/armv6-m/libg_s.a(lib_a-signal.o)
 .debug_frame   0x00001fd8       0x44 /opt/Freescale/KDS_3.0.0/toolchain/bin/../lib/gcc/arm-none-eabi/4.8.4/../../../../arm-none-eabi/lib/armv6-m/libg_s.a(lib_a-signalr.o)
 .debug_frame   0x0000201c       0x90 /opt/Freescale/KDS_3.0.0/toolchain/bin/../lib/gcc/arm-none-eabi/4.8.4/../../../../arm-none-eabi/lib/armv6-m/libg_s.a(lib_a-stdio.o)
 .debug_frame   0x000020ac       0x20 /opt/Freescale/KDS_3.0.0/toolchain/bin/../lib/gcc/arm-none-eabi/4.8.4/../../../../arm-none-eabi/lib/armv6-m/libg_s.a(lib_a-strlen.o)
 .debug_frame   0x000020cc       0x2c /opt/Freescale/KDS_3.0.0/toolchain/bin/../lib/gcc/arm-none-eabi/4.8.4/../../../../arm-none-eabi/lib/armv6-m/libg_s.a(lib_a-writer.o)
 .debug_frame   0x000020f8       0x2c /opt/Freescale/KDS_3.0.0/toolchain/bin/../lib/gcc/arm-none-eabi/4.8.4/../../../../arm-none-eabi/lib/armv6-m/libg_s.a(lib_a-closer.o)
 .debug_frame   0x00002124       0x2c /opt/Freescale/KDS_3.0.0/toolchain/bin/../lib/gcc/arm-none-eabi/4.8.4/../../../../arm-none-eabi/lib/armv6-m/libg_s.a(lib_a-fstatr.o)
 .debug_frame   0x00002150       0x2c /opt/Freescale/KDS_3.0.0/toolchain/bin/../lib/gcc/arm-none-eabi/4.8.4/../../../../arm-none-eabi/lib/armv6-m/libg_s.a(lib_a-isattyr.o)
 .debug_frame   0x0000217c       0x2c /opt/Freescale/KDS_3.0.0/toolchain/bin/../lib/gcc/arm-none-eabi/4.8.4/../../../../arm-none-eabi/lib/armv6-m/libg_s.a(lib_a-lseekr.o)
 .debug_frame   0x000021a8       0x2c /opt/Freescale/KDS_3.0.0/toolchain/bin/../lib/gcc/arm-none-eabi/4.8.4/../../../../arm-none-eabi/lib/armv6-m/libg_s.a(lib_a-readr.o)
 .debug_frame   0x000021d4       0x20 /opt/Freescale/KDS_3.0.0/toolchain/bin/../lib/gcc/arm-none-eabi/4.8.4/../../../../arm-none-eabi/lib/armv6-m/libnosys.a(close.o)
 .debug_frame   0x000021f4       0x20 /opt/Freescale/KDS_3.0.0/toolchain/bin/../lib/gcc/arm-none-eabi/4.8.4/../../../../arm-none-eabi/lib/armv6-m/libnosys.a(fstat.o)
 .debug_frame   0x00002214       0x20 /opt/Freescale/KDS_3.0.0/toolchain/bin/../lib/gcc/arm-none-eabi/4.8.4/../../../../arm-none-eabi/lib/armv6-m/libnosys.a(getpid.o)
 .debug_frame   0x00002234       0x20 /opt/Freescale/KDS_3.0.0/toolchain/bin/../lib/gcc/arm-none-eabi/4.8.4/../../../../arm-none-eabi/lib/armv6-m/libnosys.a(isatty.o)
 .debug_frame   0x00002254       0x20 /opt/Freescale/KDS_3.0.0/toolchain/bin/../lib/gcc/arm-none-eabi/4.8.4/../../../../arm-none-eabi/lib/armv6-m/libnosys.a(kill.o)
 .debug_frame   0x00002274       0x20 /opt/Freescale/KDS_3.0.0/toolchain/bin/../lib/gcc/arm-none-eabi/4.8.4/../../../../arm-none-eabi/lib/armv6-m/libnosys.a(lseek.o)
 .debug_frame   0x00002294       0x20 /opt/Freescale/KDS_3.0.0/toolchain/bin/../lib/gcc/arm-none-eabi/4.8.4/../../../../arm-none-eabi/lib/armv6-m/libnosys.a(read.o)
 .debug_frame   0x000022b4       0x20 /opt/Freescale/KDS_3.0.0/toolchain/bin/../lib/gcc/arm-none-eabi/4.8.4/../../../../arm-none-eabi/lib/armv6-m/libnosys.a(sbrk.o)
 .debug_frame   0x000022d4       0x20 /opt/Freescale/KDS_3.0.0/toolchain/bin/../lib/gcc/arm-none-eabi/4.8.4/../../../../arm-none-eabi/lib/armv6-m/libnosys.a(write.o)
 .debug_frame   0x000022f4       0x20 /opt/Freescale/KDS_3.0.0/toolchain/bin/../lib/gcc/arm-none-eabi/4.8.4/../../../../arm-none-eabi/lib/armv6-m/libnosys.a(_exit.o)

.stab           0x00000000       0xcc
 .stab          0x00000000       0x24 /opt/Freescale/KDS_3.0.0/toolchain/bin/../lib/gcc/arm-none-eabi/4.8.4/../../../../arm-none-eabi/lib/armv6-m/libnosys.a(close.o)
 .stab          0x00000024       0x18 /opt/Freescale/KDS_3.0.0/toolchain/bin/../lib/gcc/arm-none-eabi/4.8.4/../../../../arm-none-eabi/lib/armv6-m/libnosys.a(fstat.o)
                                 0x24 (size before relaxing)
 .stab          0x0000003c       0x18 /opt/Freescale/KDS_3.0.0/toolchain/bin/../lib/gcc/arm-none-eabi/4.8.4/../../../../arm-none-eabi/lib/armv6-m/libnosys.a(getpid.o)
                                 0x24 (size before relaxing)
 .stab          0x00000054       0x18 /opt/Freescale/KDS_3.0.0/toolchain/bin/../lib/gcc/arm-none-eabi/4.8.4/../../../../arm-none-eabi/lib/armv6-m/libnosys.a(isatty.o)
                                 0x24 (size before relaxing)
 .stab          0x0000006c       0x18 /opt/Freescale/KDS_3.0.0/toolchain/bin/../lib/gcc/arm-none-eabi/4.8.4/../../../../arm-none-eabi/lib/armv6-m/libnosys.a(kill.o)
                                 0x24 (size before relaxing)
 .stab          0x00000084       0x18 /opt/Freescale/KDS_3.0.0/toolchain/bin/../lib/gcc/arm-none-eabi/4.8.4/../../../../arm-none-eabi/lib/armv6-m/libnosys.a(lseek.o)
                                 0x24 (size before relaxing)
 .stab          0x0000009c       0x18 /opt/Freescale/KDS_3.0.0/toolchain/bin/../lib/gcc/arm-none-eabi/4.8.4/../../../../arm-none-eabi/lib/armv6-m/libnosys.a(read.o)
                                 0x24 (size before relaxing)
 .stab          0x000000b4       0x18 /opt/Freescale/KDS_3.0.0/toolchain/bin/../lib/gcc/arm-none-eabi/4.8.4/../../../../arm-none-eabi/lib/armv6-m/libnosys.a(write.o)
                                 0x24 (size before relaxing)

.stabstr        0x00000000      0x1b9
 .stabstr       0x00000000      0x1b9 /opt/Freescale/KDS_3.0.0/toolchain/bin/../lib/gcc/arm-none-eabi/4.8.4/../../../../arm-none-eabi/lib/armv6-m/libnosys.a(close.o)
